node.exe : npm warn Unknown env config "devdir". This will stop working in the next major version of npm. See `npm 
help npmrc` for supported config options.
Au caractère Ligne:1 : 1
+ & "C:\Program Files\nodejs/node.exe" "C:\Program Files\nodejs/node_mo ...
+ ~~~~~~~~~~~~~~~~~~~~~~~~~~~~~~~~~~~~~~~~~~~~~~~~~~~~~~~~~~~~~~~~~~~~~
    + CategoryInfo          : NotSpecified: (npm warn Unknow...config options.:String) [], RemoteException
    + FullyQualifiedErrorId : NativeCommandError
 

> emarzona@1.0.0 build
> node --max-old-space-size=4096 node_modules/vite/bin/vite.js build

vite v7.3.1 building client environment for production...
transforming...
Ô£ô 7247 modules transformed.
rendering chunks...
dist/js/product-create-rpc-D1zdCQnn.js.br                   0.42 kB
dist/js/useStorePhysicalPlanLimits-75dh206N.js.br           0.42 kB
dist/js/tabs-CkWptwyh.js.br                                 0.43 kB
dist/js/supabase-rpc-DtXrYQFm.js.br                         0.44 kB
dist/js/clearLegacyLogoCache-CeKQteyN.js.br                 0.45 kB
dist/assets/ServicesList-CJ8ZUOFZ.css.br                    0.45 kB
dist/js/PageBodyContent-B7FSXuxX.js.br                      0.45 kB
dist/js/errors-ByxbcaFC.js.br                               0.46 kB
dist/js/AuctionCountdownTimer-4Vj-OC0g.js.br                0.47 kB
dist/js/useCourseAffiliates-CBbKPH8C.js.br                  0.48 kB
dist/js/accordion-BbEVVrgx.js.br                            0.48 kB
dist/js/product-create-rpc-D1zdCQnn.js.gz                   0.49 kB
dist/js/usePageCustomization-CTHTclnz.js.br                 0.49 kB
dist/js/storage-ref-CtM5NbvB.js.br                          0.49 kB
dist/js/useStorePhysicalPlanLimits-75dh206N.js.gz           0.49 kB
dist/js/LazyRechartsWrapper-ClOTXihQ.js.br                  0.50 kB
dist/js/request-order-confirmation-email-DsozkxbS.js.br     0.50 kB
dist/js/errors-ByxbcaFC.js.gz                               0.51 kB
dist/js/tabs-CkWptwyh.js.gz                                 0.51 kB
dist/js/supabase-rpc-DtXrYQFm.js.gz                         0.52 kB
dist/js/currency-select-BvKonTfA.js.br                      0.52 kB
dist/js/mobile-table-card-D-pnKwPE.js.br                    0.53 kB
dist/js/clearLegacyLogoCache-CeKQteyN.js.gz                 0.53 kB
dist/js/PageBodyContent-B7FSXuxX.js.gz                      0.53 kB
dist/js/promotion-DGJeLMiU.js.br                            0.53 kB
dist/js/LazyRechartsWrapper-ClOTXihQ.js.gz                  0.54 kB
dist/js/table-O1PVPiYY.js.br                                0.54 kB
dist/assets/ServicesList-CJ8ZUOFZ.css.gz                    0.54 kB
dist/js/referral-helpers-ChfkEuLr.js.br                     0.54 kB
dist/js/DynamicFavicon-CpBz3g-i.js.br                       0.54 kB
dist/js/useArtistCertificates-ImBqca54.js.br                0.54 kB
dist/js/currencies-LJGcby12.js.br                           0.55 kB
dist/js/AuctionCountdownTimer-4Vj-OC0g.js.gz                0.55 kB
dist/js/edit-save-validation-Q3UXienE.js.br                 0.55 kB
dist/js/useCourseAffiliates-CBbKPH8C.js.gz                  0.56 kB
dist/js/storage-ref-CtM5NbvB.js.gz                          0.56 kB
dist/js/pagination-C0sEdMR-.js.br                           0.56 kB
dist/js/accordion-BbEVVrgx.js.gz                            0.56 kB
dist/js/artist-edition-reservation-qVC-xm1H.js.br           0.57 kB
dist/js/landing-seo-cjRugHId.js.br                          0.58 kB
dist/js/usePageCustomization-CTHTclnz.js.gz                 0.58 kB
dist/js/footerLinksConfig-DcIGRlCa.js.br                    0.58 kB
dist/js/request-order-confirmation-email-DsozkxbS.js.gz     0.58 kB
dist/js/usePromotions-CYkHFO69.js.br                        0.60 kB
dist/js/popover-B7rQAoVV.js.br                              0.60 kB
dist/js/LazyCalendarWrapper-DAoF8SwL.js.br                  0.60 kB
dist/js/mobile-table-card-D-pnKwPE.js.gz                    0.60 kB
dist/js/promotion-DGJeLMiU.js.gz                            0.61 kB
dist/js/ai-blog-generator-BttmlvGa.js.br                    0.61 kB
dist/js/currency-select-BvKonTfA.js.gz                      0.61 kB
dist/js/ReviewStars-OVNY4LTM.js.br                          0.61 kB
dist/js/referral-helpers-ChfkEuLr.js.gz                     0.62 kB
dist/js/countdown-timer-C-EKx2qn.js.br                      0.62 kB
dist/js/lazy-image-CIVh2euw.js.br                           0.62 kB
dist/js/useArtistCertificates-ImBqca54.js.gz                0.63 kB
dist/js/artist-edition-reservation-qVC-xm1H.js.gz           0.63 kB
dist/js/currencies-LJGcby12.js.gz                           0.64 kB
dist/js/table-O1PVPiYY.js.gz                                0.64 kB
dist/js/mobile-form-field-Dc7BLh_M.js.br                    0.64 kB
dist/js/edit-save-validation-Q3UXienE.js.gz                 0.64 kB
dist/js/artist-collection-resolve-CslRLOYh.js.br            0.64 kB
dist/js/pagination-C0sEdMR-.js.gz                           0.64 kB
dist/js/DynamicFavicon-CpBz3g-i.js.gz                       0.65 kB
dist/js/usePromotions-CYkHFO69.js.gz                        0.65 kB
dist/js/landing-seo-cjRugHId.js.gz                          0.65 kB
dist/js/LazyCalendarWrapper-DAoF8SwL.js.gz                  0.65 kB
dist/js/useEmail-ScFdcT5q.js.br                             0.66 kB
dist/js/useAuditLogs-COhGTcBA.js.br                         0.66 kB
dist/js/popover-B7rQAoVV.js.gz                              0.68 kB
dist/js/useEmarzonaProtect-DSL7V4FG.js.br                   0.68 kB
dist/js/accessibility-CAZ7yrXN.js.br                        0.68 kB
dist/js/footerLinksConfig-DcIGRlCa.js.gz                    0.68 kB
dist/js/countdown-timer-C-EKx2qn.js.gz                      0.68 kB
dist/js/form-DKXnQlBk.js.br                                 0.68 kB
dist/js/ai-blog-generator-BttmlvGa.js.gz                    0.69 kB
dist/js/platformBlogPageConfig-BoVRrQpD.js.br               0.69 kB
dist/js/useStoreSso-CuSJYVQN.js.br                          0.70 kB
dist/js/AutoSEO-BN66I9AI.js.br                              0.70 kB
dist/js/ReviewStars-OVNY4LTM.js.gz                          0.71 kB
dist/js/lazy-image-CIVh2euw.js.gz                           0.71 kB
dist/js/CustomerMyGiftCardsPage-Di-g5zXa.js.br              0.71 kB
dist/js/usePlatformSettingsDirect-65BfJ7PA.js.br            0.73 kB
dist/js/PhysicalSEOAndFAQs-8zvKWENN.js.br                   0.73 kB
dist/js/ServiceSEOAndFAQs-CVjzhcF4.js.br                    0.73 kB
dist/js/usePhysicalProducts-CQjWp9wW.js.br                  0.74 kB
dist/js/artist-collection-resolve-CslRLOYh.js.gz            0.74 kB
dist/js/NotificationSettings-DcAH6LK2.js.br                 0.74 kB
dist/js/mobile-form-field-Dc7BLh_M.js.gz                    0.74 kB
dist/js/moneroo-error-extractor-BzV9IPh2.js.br              0.74 kB
dist/js/PhysicalWhatsAppContactConfig-Cfu2VQPh.js.br        0.75 kB
dist/js/useLicenses-BYol1s7s.js.br                          0.75 kB
dist/js/useEmail-ScFdcT5q.js.gz                             0.75 kB
dist/js/useEmarzonaProtect-DSL7V4FG.js.gz                   0.75 kB
dist/js/useLegal-CjE-4lYe.js.br                             0.76 kB
dist/js/useAuditLogs-COhGTcBA.js.gz                         0.77 kB
dist/js/form-DKXnQlBk.js.gz                                 0.77 kB
dist/js/FormErrorBoundary-DrqoAseq.js.br                    0.77 kB
dist/js/useStylePreferences-Dm4ry0XQ.js.br                  0.78 kB
dist/js/url-validator-DY_CVwvz.js.br                        0.79 kB
dist/js/storeFooterCustomization-CwJte455.js.br             0.80 kB
dist/js/platformBlogPageConfig-BoVRrQpD.js.gz               0.80 kB
dist/js/CustomerMyGiftCardsPage-Di-g5zXa.js.gz              0.80 kB
dist/js/auth-rate-limiter-CB7EPIhM.js.br                    0.80 kB
dist/js/PhysicalSEOAndFAQs-8zvKWENN.js.gz                   0.80 kB
dist/js/ServiceSEOAndFAQs-CVjzhcF4.js.gz                    0.80 kB
dist/js/PaginationControls-BsyO2br0.js.br                   0.80 kB
dist/js/useStoreSso-CuSJYVQN.js.gz                          0.81 kB
dist/js/useArtworkProvenance-Bwgq452h.js.br                 0.81 kB
dist/js/platformFaqPageConfig-C1EagM20.js.br                0.81 kB
dist/js/AutoSEO-BN66I9AI.js.gz                              0.82 kB
dist/js/EmailDashboardLayout-CDatdHVf.js.br                 0.82 kB
dist/js/CustomerMyReturns-CkDUGcuu.js.br                    0.82 kB
dist/js/apm-monitoring-kNZ7qQI-.js.br                       0.82 kB
dist/js/useLicenses-BYol1s7s.js.gz                          0.82 kB
dist/js/accessibility-CAZ7yrXN.js.gz                        0.83 kB
dist/js/usePhysicalProducts-CQjWp9wW.js.gz                  0.83 kB
dist/js/usePlatformSettingsDirect-65BfJ7PA.js.gz            0.83 kB
dist/js/NotificationSettings-DcAH6LK2.js.gz                 0.84 kB
dist/js/moneroo-error-extractor-BzV9IPh2.js.gz              0.84 kB
dist/js/highlightText-WO5wN1UL.js.br                        0.84 kB
dist/js/useProductAffiliateSettings-BYUm8DJp.js.br          0.84 kB
dist/js/PhysicalWhatsAppContactConfig-Cfu2VQPh.js.gz        0.85 kB
dist/js/FormErrorBoundary-DrqoAseq.js.gz                    0.86 kB
dist/js/i18n-service-3Ke__Rbe.js.br                         0.87 kB
dist/js/useServiceProductAddons-BHnCCFFU.js.br              0.87 kB
dist/js/EditionLimitedBadge-prYrjUpd.js.br                  0.87 kB
dist/js/order-message-notifications-D9iZbs_o.js.br          0.87 kB
dist/js/unified-webhook-service-BXLuWm3Z.js.br              0.87 kB
dist/js/useCourseDetail-DCPRDkjU.js.br                      0.88 kB
dist/js/email-preferences-service-bkH9tZfb.js.br            0.88 kB
dist/js/alert-dialog-QH2qYcTd.js.br                         0.88 kB
dist/js/ProductSchema-mcpp9Gdw.js.br                        0.89 kB
dist/js/useLegal-CjE-4lYe.js.gz                             0.89 kB
dist/js/url-validator-DY_CVwvz.js.gz                        0.89 kB
dist/js/auth-rate-limiter-CB7EPIhM.js.gz                    0.89 kB
dist/js/useStylePreferences-Dm4ry0XQ.js.gz                  0.89 kB
dist/js/PaginationControls-BsyO2br0.js.gz                   0.90 kB
dist/js/storeFooterCustomization-CwJte455.js.gz             0.90 kB
dist/js/useTaxConfigurations--SGchPO4.js.br                 0.91 kB
dist/js/CustomerMyReturns-CkDUGcuu.js.gz                    0.91 kB
dist/js/EmailDashboardLayout-CDatdHVf.js.gz                 0.92 kB
dist/js/AdminPlatformIntegrations-D_uOdP9J.js.br            0.92 kB
dist/js/dropdown-menu-BQ9pX4C3.js.br                        0.92 kB
dist/js/platformFaqPageConfig-C1EagM20.js.gz                0.92 kB
dist/js/useProductAffiliateSettings-BYUm8DJp.js.gz          0.94 kB
dist/js/product-image-upload-D0e-PGAy.js.br                 0.94 kB
dist/js/cache-invalidation-D1w6tcY8.js.br                   0.94 kB
dist/js/apm-monitoring-kNZ7qQI-.js.gz                       0.94 kB
dist/js/useArtworkProvenance-Bwgq452h.js.gz                 0.95 kB
dist/js/AdminFeatureFlags-Capht7Pk.js.br                    0.95 kB
dist/js/useWishlistShare-CA-UOIDv.js.br                     0.95 kB
dist/js/inventory-export-CJQRM_3y.js.br                     0.96 kB
dist/js/sheet-Dre9km5h.js.br                                0.97 kB
dist/js/highlightText-WO5wN1UL.js.gz                        0.97 kB
dist/js/ProductStatisticsDisplaySettings-vlWIQU6e.js.br     0.97 kB
dist/js/moneroo-rate-limiter-KPQElnnr.js.br                 0.97 kB
dist/js/useServiceProductAddons-BHnCCFFU.js.gz              0.97 kB
dist/js/PlatformLegalPageShell-iF3iweUj.js.br               0.97 kB
dist/js/server-validation-CLXBtOgc.js.br                    0.98 kB
dist/js/refund-payment-vVF3rwdz.js.br                       0.98 kB
dist/js/platformMarketingPagesConfig-ZVl9kZ2S.js.br         0.98 kB
dist/js/ShortLinkRedirect-BDRS1V1q.js.br                    0.98 kB
dist/js/PhysicalInventoryConfig-qKLAG02O.js.br              0.98 kB
dist/js/EditionLimitedBadge-prYrjUpd.js.gz                  0.98 kB
dist/js/i18n-service-3Ke__Rbe.js.gz                         0.99 kB
dist/js/order-message-notifications-D9iZbs_o.js.gz          0.99 kB
dist/js/digital-product-updates-BVJTlR2q.js.br              0.99 kB
dist/js/usePriceStockAlerts-CVV_lViN.js.br                  0.99 kB
dist/js/auction-winner-checkout-FvXQ3ZJB.js.br              1.00 kB
dist/js/PricingModelBadge-C8d8IJzp.js.br                    1.00 kB
dist/js/useCourseDetail-DCPRDkjU.js.gz                      1.00 kB
dist/js/platformLegalPagesConfig-1m0T86I3.js.br             1.01 kB
dist/js/product-transform-DiD-6QsB.js.br                    1.01 kB
dist/js/alert-dialog-QH2qYcTd.js.gz                         1.01 kB
dist/js/FeaturesGridSection-pE-td0kA.js.br                  1.02 kB
dist/js/unified-webhook-service-BXLuWm3Z.js.gz              1.02 kB
dist/js/email-preferences-service-bkH9tZfb.js.gz            1.02 kB
dist/js/AdminPlatformIntegrations-D_uOdP9J.js.gz            1.03 kB
dist/js/SellWaysSection-CoGsR8VM.js.br                      1.03 kB
dist/js/OrderTimeline-kN2rXAGl.js.br                        1.04 kB
dist/js/AffiliateLinkTracker-JZ67a0RN.js.br                 1.04 kB
dist/js/useAdminActions-DEQ6QHHv.js.br                      1.04 kB
dist/js/useCourseAnalytics-pMBlnfUj.js.br                   1.04 kB
dist/js/paypal-commerce-client-f-0zJ1wi.js.br               1.04 kB
dist/js/useLiveSessions-ClBlmb0Y.js.br                      1.05 kB
dist/js/currency-converter-CRR0Wcsf.js.br                   1.05 kB
dist/js/useTaxConfigurations--SGchPO4.js.gz                 1.05 kB
dist/js/ProductSchema-mcpp9Gdw.js.gz                        1.06 kB
dist/js/product-image-upload-D0e-PGAy.js.gz                 1.07 kB
dist/js/InventoryStockIndicator-BPY5LhcA.js.br              1.07 kB
dist/js/dialog-Bw5Uh5lx.js.br                               1.08 kB
dist/js/course-wizard-steps-AnlngjfH.js.br                  1.08 kB
dist/js/rate-limiter-CPal9j1r.js.br                         1.08 kB
dist/js/useWizardServerValidation-DKy7LYFN.js.br            1.08 kB
dist/js/SEOMeta-DhQ4l3Wc.js.br                              1.08 kB
dist/js/useWishlistShare-CA-UOIDv.js.gz                     1.08 kB
dist/js/refund-payment-vVF3rwdz.js.gz                       1.08 kB
dist/js/AdminFeatureFlags-Capht7Pk.js.gz                    1.08 kB
dist/js/PlatformLegalPageShell-iF3iweUj.js.gz               1.09 kB
dist/js/dropdown-menu-BQ9pX4C3.js.gz                        1.09 kB
dist/js/moneroo-rate-limiter-KPQElnnr.js.gz                 1.09 kB
dist/js/useInventory-CobCTxQ-.js.br                         1.09 kB
dist/js/sheet-Dre9km5h.js.gz                                1.09 kB
dist/js/useServiceWaitlist-Chzi6zC2.js.br                   1.09 kB
dist/js/ArtistTypeSelector-DIFVOQsZ.js.br                   1.10 kB
dist/js/ShortLinkRedirect-BDRS1V1q.js.gz                    1.10 kB
dist/js/platformMarketingPagesConfig-ZVl9kZ2S.js.gz         1.10 kB
dist/js/vendor-message-notifications-ywLUS_jG.js.br         1.10 kB
dist/js/PhysicalInventoryConfig-qKLAG02O.js.gz              1.10 kB
dist/js/FeaturesGridSection-pE-td0kA.js.gz                  1.11 kB
dist/js/platformLegalPagesConfig-1m0T86I3.js.gz             1.11 kB
dist/js/inventory-export-CJQRM_3y.js.gz                     1.12 kB
dist/js/digital-product-updates-BVJTlR2q.js.gz              1.12 kB
dist/js/useKYC-Chdj9uFo.js.br                               1.12 kB
dist/js/auction-winner-checkout-FvXQ3ZJB.js.gz              1.12 kB
dist/js/ProductStatisticsDisplaySettings-vlWIQU6e.js.gz     1.13 kB
dist/js/PerformanceOptimizer-CxmBpA8M.js.br                 1.13 kB
dist/js/useOrders-DSOUWWO-.js.br                            1.13 kB
dist/js/PricingModelBadge-C8d8IJzp.js.gz                    1.14 kB
dist/js/usePriceStockAlerts-CVV_lViN.js.gz                  1.14 kB
dist/js/server-validation-CLXBtOgc.js.gz                    1.14 kB
dist/js/ProductManagementActions-5hPdT_37.js.br             1.14 kB
dist/js/cache-invalidation-D1w6tcY8.js.gz                   1.14 kB
dist/js/SellWaysSection-CoGsR8VM.js.gz                      1.14 kB
dist/js/performance-monitor-DIzaD_eW.js.br                  1.15 kB
dist/js/useCourseAnalytics-pMBlnfUj.js.gz                   1.15 kB
dist/js/digital-wizard-steps-DnICj3tZ.js.br                 1.15 kB
dist/js/useMarketplaceFavorites-BfXvBpL7.js.br              1.16 kB
dist/js/OrderTimeline-kN2rXAGl.js.gz                        1.16 kB
dist/js/paypal-commerce-client-f-0zJ1wi.js.gz               1.16 kB
dist/js/useAdminActions-DEQ6QHHv.js.gz                      1.17 kB
dist/js/ResponsiveProductImage-D7qqCzyG.js.br               1.18 kB
dist/js/GuestOrderConfirmation-BFKx50Va.js.br               1.18 kB
dist/js/PhysicalShippingConfig-CgjpIVU5.js.br               1.18 kB
dist/js/currency-converter-CRR0Wcsf.js.gz                   1.19 kB
dist/js/rate-limiter-CPal9j1r.js.gz                         1.19 kB
dist/js/product-transform-DiD-6QsB.js.gz                    1.19 kB
dist/js/monitoring-enhanced-CxOGDasZ.js.br                  1.19 kB
dist/js/useLiveSessions-ClBlmb0Y.js.gz                      1.20 kB
dist/js/InventoryStockIndicator-BPY5LhcA.js.gz              1.20 kB
dist/js/SecureDownloadPage-dTBJrKFH.js.br                   1.21 kB
dist/js/useProducts-BdAXvvlf.js.br                          1.21 kB
dist/js/useInventory-CobCTxQ-.js.gz                         1.21 kB
dist/js/AffiliateLinkTracker-JZ67a0RN.js.gz                 1.22 kB
dist/js/dialog-Bw5Uh5lx.js.gz                               1.22 kB
dist/js/WorkflowTriggerEditor-CAFFv_MB.js.br                1.22 kB
dist/js/notificationTriggers-D49xfdkm.js.br                 1.22 kB
dist/js/course-wizard-steps-AnlngjfH.js.gz                  1.22 kB
dist/js/vendor-message-notifications-ywLUS_jG.js.gz         1.23 kB
dist/js/useEmailSegments-DGHcg1ZB.js.br                     1.23 kB
dist/js/ArtistTypeSelector-DIFVOQsZ.js.gz                   1.23 kB
dist/js/useServiceWaitlist-Chzi6zC2.js.gz                   1.23 kB
dist/js/useWizardServerValidation-DKy7LYFN.js.gz            1.24 kB
dist/js/useReturns-WEHNy2d1.js.br                           1.24 kB
dist/js/rate-limiter-FrHpcscW.js.br                         1.25 kB
dist/js/VendorProductsListGate-hSyULx3E.js.br               1.26 kB
dist/js/ArtistShippingConfig-CBxdLnAN.js.br                 1.26 kB
dist/js/BottomNavigation-CsUAinMc.js.br                     1.27 kB
dist/js/useAdvancedCohorts-BHQEleZ_.js.br                   1.27 kB
dist/js/service-wizard-steps-Qy7Jf6La.js.br                 1.27 kB
dist/js/useKYC-Chdj9uFo.js.gz                               1.27 kB
dist/js/SEOMeta-DhQ4l3Wc.js.gz                              1.27 kB
dist/js/useOrders-DSOUWWO-.js.gz                            1.27 kB
dist/js/SameStoreProductsSection-Cuj-l7am.js.br             1.28 kB
dist/js/useMarketplaceFavorites-BfXvBpL7.js.gz              1.28 kB
dist/js/PerformanceOptimizer-CxmBpA8M.js.gz                 1.29 kB
dist/js/ProductManagementActions-5hPdT_37.js.gz             1.29 kB
dist/js/AdaptSection--v0ZLUX7.js.br                         1.29 kB
dist/js/useShippingServiceMessaging-j2YhrFzC.js.br          1.30 kB
dist/js/bottom-sheet-Df318tdp.js.br                         1.30 kB
dist/js/useReturns-BkcXvhZw.js.br                           1.30 kB
dist/js/LanguageSwitcher-CWFMkt_9.js.br                     1.30 kB
dist/js/PhysicalShippingConfig-CgjpIVU5.js.gz               1.30 kB
dist/js/GuestOrderConfirmation-BFKx50Va.js.gz               1.31 kB
dist/js/admin-broadcast-service-DzU8V5NY.js.br              1.31 kB
dist/js/physical-wizard-steps-IDDw6OvT.js.br                1.31 kB
dist/js/performance-monitor-DIzaD_eW.js.gz                  1.31 kB
dist/js/digital-wizard-steps-DnICj3tZ.js.gz                 1.32 kB
dist/js/mobile-money-operators-BHNIQ6Ww.js.br               1.32 kB
dist/js/ArtworkProvenanceDisplay-DJ-kucIE.js.br             1.33 kB
dist/js/monitoring-enhanced-CxOGDasZ.js.gz                  1.34 kB
dist/js/useAssignments-7YnYwjOK.js.br                       1.35 kB
dist/js/PhysicalCheckoutOptionsForm-aJhqaz5p.js.br          1.35 kB
dist/js/SecureDownloadPage-dTBJrKFH.js.gz                   1.36 kB
dist/js/useStores-Cd0eA_bo.js.br                            1.36 kB
dist/js/ResponsiveProductImage-D7qqCzyG.js.gz               1.36 kB
dist/js/validation-utils-CaodXopt.js.br                     1.36 kB
dist/js/useProducts-BdAXvvlf.js.gz                          1.37 kB
dist/js/useReturns-WEHNy2d1.js.gz                           1.37 kB
dist/js/useEmailSegments-DGHcg1ZB.js.gz                     1.37 kB
dist/js/artist-shipping-BlGQKeeG.js.br                      1.37 kB
dist/js/PlatformPopupMessage-usqbjn_m.js.br                 1.37 kB
dist/js/ArtistShippingConfig-CBxdLnAN.js.gz                 1.38 kB
dist/js/PlatformMarketingPage-BijSSvkb.js.br                1.38 kB
dist/js/StoreVerticalOnboarding-ByXDtHuA.js.br              1.38 kB
dist/js/WorkflowTriggerEditor-CAFFv_MB.js.gz                1.38 kB
dist/js/BarcodeScanner-IvNP4qoz.js.br                       1.38 kB
dist/js/useGamification-Beq7wpJc.js.br                      1.39 kB
dist/js/notificationTriggers-D49xfdkm.js.gz                 1.39 kB
dist/js/DataProcessingAgreement-D-xwGgtz.js.br              1.39 kB
dist/js/SameStoreProductsSection-Cuj-l7am.js.gz             1.39 kB
dist/js/storage-ref-DyWUjv3A.js.br                          1.39 kB
dist/js/SharedWishlist-Dys_MkIw.js.br                       1.40 kB
dist/js/PhysicalProductShippingDetails-Bwyc1zZZ.js.br       1.41 kB
dist/js/useArtistPortfolios-4OnttgVV.js.br                  1.41 kB
dist/assets/Dashboard-Cu5cYqqM.css.br                       1.41 kB
dist/js/VendorProductsListGate-hSyULx3E.js.gz               1.41 kB
dist/js/BottomNavigation-CsUAinMc.js.gz                     1.41 kB
dist/js/rate-limiter-FrHpcscW.js.gz                         1.42 kB
dist/js/PixelsInit-CCoZ-yBk.js.br                           1.42 kB
dist/js/PhysicalPreview-Co3B38zK.js.br                      1.43 kB
dist/js/mobile-money-operators-BHNIQ6Ww.js.gz               1.43 kB
dist/js/AdaptSection--v0ZLUX7.js.gz                         1.44 kB
dist/js/Artwork3DViewer-BaUSeviP.js.br                      1.44 kB
dist/js/useAdvancedCohorts-BHQEleZ_.js.gz                   1.44 kB
dist/js/usePayments-CZ38z5Nj.js.br                          1.44 kB
dist/js/useShippingServiceMessaging-j2YhrFzC.js.gz          1.44 kB
dist/js/CheckoutPage-DgleuAD8.js.br                         1.44 kB
dist/js/service-wizard-steps-Qy7Jf6La.js.gz                 1.45 kB
dist/js/ArtistCertificateDisplay-DS2VUJoJ.js.br             1.45 kB
dist/js/bottom-sheet-Df318tdp.js.gz                         1.46 kB
dist/js/useReturns-BkcXvhZw.js.gz                           1.46 kB
dist/js/LanguageSwitcher-CWFMkt_9.js.gz                     1.47 kB
dist/js/admin-broadcast-service-DzU8V5NY.js.gz              1.47 kB
dist/js/ReviewsList-5BJ76fi3.js.br                          1.47 kB
dist/js/PremiumHeroCarousel-bmvf86jp.js.br                  1.47 kB
dist/js/useDigitalBundles-ChLwXnIi.js.br                    1.48 kB
dist/js/useStores-Cd0eA_bo.js.gz                            1.49 kB
dist/js/validation-utils-CaodXopt.js.gz                     1.49 kB
dist/js/physical-wizard-steps-IDDw6OvT.js.gz                1.50 kB
dist/js/AdminAdvancedTools-DKd_Jpf4.js.br                   1.50 kB
dist/js/PhysicalCheckoutOptionsForm-aJhqaz5p.js.gz          1.50 kB
dist/js/EmarzonaProtectPage-Cj2XtlYa.js.br                  1.50 kB
dist/js/ArtworkProvenanceDisplay-DJ-kucIE.js.gz             1.50 kB
dist/js/CurrenciesMarqueeSection-j4vfSdM3.js.br             1.51 kB
dist/js/useAssignments-7YnYwjOK.js.gz                       1.52 kB
dist/js/StoreVerticalOnboarding-ByXDtHuA.js.gz              1.54 kB
dist/js/PlatformPopupMessage-usqbjn_m.js.gz                 1.54 kB
dist/js/moneroo-notifications-k9BbsNfi.js.br                1.54 kB
dist/js/PlatformMarketingPage-BijSSvkb.js.gz                1.54 kB
dist/js/ServicePricingOptionsForm-Bk4v5goD.js.br            1.55 kB
dist/js/StatusPage-D7xOuDSl.js.br                           1.55 kB
dist/js/artist-shipping-BlGQKeeG.js.gz                      1.55 kB
dist/js/CountriesMarqueeSection-DQn9mbuH.js.br              1.55 kB
dist/js/BarcodeScanner-IvNP4qoz.js.gz                       1.55 kB
dist/js/SharedWishlist-Dys_MkIw.js.gz                       1.56 kB
dist/js/MyTasks-BO3vQZqk.js.br                              1.56 kB
dist/js/ServiceStaffResourcesForm-CR-esdG2.js.br            1.56 kB
dist/js/DataProcessingAgreement-D-xwGgtz.js.gz              1.57 kB
dist/js/storage-ref-DyWUjv3A.js.gz                          1.57 kB
dist/js/PhysicalProductShippingDetails-Bwyc1zZZ.js.gz       1.57 kB
dist/js/PhysicalStoreOnboarding-CbRkG7JE.js.br              1.58 kB
dist/js/useGamification-Beq7wpJc.js.gz                      1.58 kB
dist/js/useAnalytics-CZtcmaUl.js.br                         1.58 kB
dist/js/cross-type-bundle-store-BUBu3OQT.js.br              1.58 kB
dist/js/StoreSsoLoginPage-CX_uud4e.js.br                    1.58 kB
dist/js/useArtistPortfolios-4OnttgVV.js.gz                  1.59 kB
dist/js/PhysicalVariantsBuilder-Dq6X4v6y.js.br              1.59 kB
dist/js/PhysicalPreview-Co3B38zK.js.gz                      1.60 kB
dist/js/NotificationExperienceSettings-BzzTeHBN.js.br       1.61 kB
dist/js/ReviewsList-5BJ76fi3.js.gz                          1.62 kB
dist/js/enhance-image-client-CgxVx8iH.js.br                 1.62 kB
dist/js/usePayments-CZ38z5Nj.js.gz                          1.62 kB
dist/js/useDigitalBundles-ChLwXnIi.js.gz                    1.62 kB
dist/js/Artwork3DViewer-BaUSeviP.js.gz                      1.63 kB
dist/js/DigitalLicenseConfig-C_DvChfF.js.br                 1.63 kB
dist/js/centralized-validation-Bp_5HGGo.js.br               1.63 kB
dist/js/CartEmpty-DF77PWjP.js.br                            1.63 kB
dist/js/PremiumHeroCarousel-bmvf86jp.js.gz                  1.65 kB
dist/js/wizard-validation-D4LjIpbK.js.br                    1.65 kB
dist/js/CheckoutPage-DgleuAD8.js.gz                         1.66 kB
dist/js/VerifyCertificatePage-2y-ieNVL.js.br                1.66 kB
dist/js/ArtistCertificateDisplay-DS2VUJoJ.js.gz             1.66 kB
dist/js/product-categories-DEq26bB2.js.br                   1.66 kB
dist/js/AdminAdvancedTools-DKd_Jpf4.js.gz                   1.66 kB
dist/assets/Dashboard-Cu5cYqqM.css.gz                       1.67 kB
dist/assets/ProductForm-DGgn8C7G.css.br                     1.67 kB
dist/js/PixelsInit-CCoZ-yBk.js.gz                           1.67 kB
dist/js/EmarzonaProtectPage-Cj2XtlYa.js.gz                  1.67 kB
dist/js/DigitalDownloadButton-xTNljQJc.js.br                1.68 kB
dist/js/ServicePricingOptionsForm-Bk4v5goD.js.gz            1.68 kB
dist/js/CollectionsPage-KIATaDnV.js.br                      1.68 kB
dist/js/StatusPage-D7xOuDSl.js.gz                           1.69 kB
dist/js/CurrenciesMarqueeSection-j4vfSdM3.js.gz             1.69 kB
dist/js/moneroo-notifications-k9BbsNfi.js.gz                1.69 kB
dist/js/MyTasks-BO3vQZqk.js.gz                              1.69 kB
dist/js/ReviewForm-Bh1bA6As.js.br                           1.69 kB
dist/js/MarketplaceHeader-B3ToYuDO.js.br                    1.70 kB
dist/js/useTranslation-DUstyfEp.js.br                       1.70 kB
dist/js/ServiceStaffResourcesForm-CR-esdG2.js.gz            1.71 kB
dist/js/CountriesMarqueeSection-DQn9mbuH.js.gz              1.72 kB
dist/js/AdminSubscriptions-fd8NnA-P.js.br                   1.72 kB
dist/js/PhysicalStoreOnboarding-CbRkG7JE.js.gz              1.73 kB
dist/js/countries-CsNUHkRY.js.br                            1.73 kB
dist/js/PhysicalVariantsBuilder-Dq6X4v6y.js.gz              1.74 kB
dist/js/UnsubscribePage-DMzOSz-c.js.br                      1.74 kB
dist/js/CookieConsentBanner-CbmxYxqT.js.br                  1.75 kB
dist/js/LazyImage-BBaZs3lz.js.br                            1.76 kB
dist/js/cross-type-bundle-store-BUBu3OQT.js.gz              1.76 kB
dist/js/CollectionsGallery-g-KRCCjD.js.br                   1.76 kB
dist/js/StoreSsoLoginPage-CX_uud4e.js.gz                    1.76 kB
dist/js/PriceStockAlertButton-DXiBLOLM.js.br                1.77 kB
dist/js/ServiceDurationAvailabilityForm-VIHXxVu1.js.br      1.79 kB
dist/js/CartEmpty-DF77PWjP.js.gz                            1.80 kB
dist/js/useAnalytics-CZtcmaUl.js.gz                         1.81 kB
dist/js/NotificationExperienceSettings-BzzTeHBN.js.gz       1.81 kB
dist/js/centralized-validation-Bp_5HGGo.js.gz               1.81 kB
dist/js/ServicePreview-DUFFAbEf.js.br                       1.82 kB
dist/js/StoresMarqueeSection-CzEIjYwz.js.br                 1.83 kB
dist/js/DigitalLicenseConfig-C_DvChfF.js.gz                 1.83 kB
dist/js/CustomerArtistPortal-Ck1qGQJ8.js.br                 1.83 kB
dist/js/CreateCourse-BnY6Xc6N.js.br                         1.84 kB
dist/js/email-analytics-service-C2XfrnQD.js.br              1.84 kB
dist/js/VerifyCertificatePage-2y-ieNVL.js.gz                1.85 kB
dist/js/useDigitalAnalytics-CHMkSVEr.js.br                  1.85 kB
dist/index.html.br                                          1.85 kB
dist/js/wizard-validation-D4LjIpbK.js.gz                    1.86 kB
dist/assets/marketplace-premium-CJBZ7oe1.css.br             1.86 kB
dist/js/CourseAdvancedConfig-CC_f_gYV.js.br                 1.86 kB
dist/js/AdminSupport-DqLCGVLH.js.br                         1.86 kB
dist/js/FinalCtaSection-CZTxCaA9.js.br                      1.86 kB
dist/js/CustomerMyGiftCards-DYY9dedk.js.br                  1.87 kB
dist/js/DigitalPreview-CNxd5hd0.js.br                       1.87 kB
dist/js/enhance-image-client-CgxVx8iH.js.gz                 1.87 kB
dist/js/DigitalDownloadButton-xTNljQJc.js.gz                1.88 kB
dist/js/CollectionsPage-KIATaDnV.js.gz                      1.88 kB
dist/js/ReviewForm-Bh1bA6As.js.gz                           1.88 kB
dist/js/AIChatbot-DUr88HOZ.js.br                            1.89 kB
dist/js/product-categories-DEq26bB2.js.gz                   1.90 kB
dist/js/PageSEOConfig-C8jtI7DP.js.br                        1.90 kB
dist/js/CreateProtectClaimPage-BsvQXat9.js.br               1.91 kB
dist/js/MarketplaceHeader-B3ToYuDO.js.gz                    1.91 kB
dist/js/useTranslation-DUstyfEp.js.gz                       1.91 kB
dist/js/ImageStudioPage-BVcqVUj2.js.br                      1.91 kB
dist/js/export-utils-DocNDKLW.js.br                         1.92 kB
dist/js/AdminSubscriptions-fd8NnA-P.js.gz                   1.92 kB
dist/js/ArtistShippingCalculator-CkOUqGxm.js.br             1.92 kB
dist/js/user-friendly-errors-BDGP9Rci.js.br                 1.93 kB
dist/js/PromotionsStatsPage-CbFDPIoj.js.br                  1.94 kB
dist/js/I18nTest-AoR9PQ0R.js.br                             1.94 kB
dist/js/ServiceDurationAvailabilityForm-VIHXxVu1.js.gz      1.96 kB
dist/js/PriceStockAlertButton-DXiBLOLM.js.gz                1.96 kB
dist/js/CollectionsGallery-g-KRCCjD.js.gz                   1.96 kB
dist/js/CookieConsentBanner-CbmxYxqT.js.gz                  1.96 kB
dist/assets/ProductForm-DGgn8C7G.css.gz                     1.96 kB
dist/js/PricingSection-CzLu8so9.js.br                       1.97 kB
dist/js/StoreLegalPage-CZlEHMOG.js.br                       1.97 kB
dist/js/UnsubscribePage-DMzOSz-c.js.gz                      1.97 kB
dist/js/LazyImage-BBaZs3lz.js.gz                            1.99 kB
dist/js/useDisputes-DyAhIHIm.js.br                          2.00 kB
dist/js/Require2FABanner-BR30BOhV.js.br                     2.00 kB
dist/js/webhook-system-BhT-x0Ai.js.br                       2.01 kB
dist/js/CreateCourse-BnY6Xc6N.js.gz                         2.01 kB
dist/js/StoresMarqueeSection-CzEIjYwz.js.gz                 2.03 kB
dist/js/Marketing-DQmT4aJu.js.br                            2.03 kB
dist/js/PWAInstallPrompt-Bv9rIJEp.js.br                     2.04 kB
dist/js/ServicePreview-DUFFAbEf.js.gz                       2.04 kB
dist/js/CourseAdvancedConfig-CC_f_gYV.js.gz                 2.04 kB
dist/js/CustomerArtistPortal-Ck1qGQJ8.js.gz                 2.04 kB
dist/js/PaymentOptionsForm-WyLR9Gcx.js.br                   2.05 kB
dist/js/AdminKYC-Bvhf9xP0.js.br                             2.06 kB
dist/js/useDigitalAnalytics-CHMkSVEr.js.gz                  2.06 kB
dist/js/CoursePixelsConfig-XjxFvZnu.js.br                   2.06 kB
dist/js/FinalCtaSection-CZTxCaA9.js.gz                      2.07 kB
dist/js/AdvancedCalendarPage-DlE096D7.js.br                 2.07 kB
dist/js/useDownloads-C5Gwovq9.js.br                         2.08 kB
dist/js/DigitalPreview-CNxd5hd0.js.gz                       2.08 kB
dist/js/TransactionMonitoring-BjU_V2aw.js.br                2.08 kB
dist/js/CustomerMyGiftCards-DYY9dedk.js.gz                  2.08 kB
dist/js/PageSEOConfig-C8jtI7DP.js.gz                        2.09 kB
dist/js/AdminSupport-DqLCGVLH.js.gz                         2.09 kB
dist/js/useProductRecommendations-CqgQfqxW.js.br            2.09 kB
dist/js/countries-CsNUHkRY.js.gz                            2.10 kB
dist/js/AdminSecurity-SkBnCTJi.js.br                        2.11 kB
dist/js/email-analytics-service-C2XfrnQD.js.gz              2.11 kB
dist/assets/react-big-calendar-BSwzzYnC.css.br              2.12 kB
dist/js/DigitalAffiliateSettings-D9EuPGMJ.js.br             2.12 kB
dist/js/AIChatbot-DUr88HOZ.js.gz                            2.12 kB
dist/js/ImageStudioPage-BVcqVUj2.js.gz                      2.13 kB
dist/js/useAffiliateLinks-Bc1RLYA0.js.br                    2.13 kB
dist/js/BlogArticleEngagement-kbq5YDHB.js.br                2.13 kB
dist/js/CreateProtectClaimPage-BsvQXat9.js.gz               2.14 kB
dist/js/ArtistShippingCalculator-CkOUqGxm.js.gz             2.15 kB
dist/js/export-utils-DocNDKLW.js.gz                         2.16 kB
dist/js/PromotionsStatsPage-CbFDPIoj.js.gz                  2.16 kB
dist/js/user-friendly-errors-BDGP9Rci.js.gz                 2.16 kB
dist/js/resend-CRH-YQoM.js.br                               2.17 kB
dist/assets/marketplace-premium-CJBZ7oe1.css.gz             2.17 kB
dist/js/ServiceAddonsPage-DG8HaL0o.js.br                    2.18 kB
dist/js/CourseFAQForm-BdLXwbUm.js.br                        2.19 kB
dist/js/StoreLegalPage-CZlEHMOG.js.gz                       2.20 kB
dist/js/I18nTest-AoR9PQ0R.js.gz                             2.20 kB
dist/js/PremiumNav-C03XhTcb.js.br                           2.21 kB
dist/js/Require2FABanner-BR30BOhV.js.gz                     2.21 kB
dist/js/PricingSection-CzLu8so9.js.gz                       2.22 kB
dist/js/AdminRecommendationInsights-B6RLM_KF.js.br          2.22 kB
dist/js/webhook-system-BhT-x0Ai.js.gz                       2.24 kB
dist/js/useDisputes-DyAhIHIm.js.gz                          2.24 kB
dist/js/AdminActivity-vJ2Okosn.js.br                        2.26 kB
dist/js/Marketing-DQmT4aJu.js.gz                            2.27 kB
dist/index.html.gz                                          2.28 kB
dist/js/BundleDetail-20SnfhAG.js.br                         2.29 kB
dist/js/PWAInstallPrompt-Bv9rIJEp.js.gz                     2.29 kB
dist/js/PaymentOptionsForm-WyLR9Gcx.js.gz                   2.29 kB
dist/js/AdminKYC-Bvhf9xP0.js.gz                             2.30 kB
dist/js/AdminSecurity-SkBnCTJi.js.gz                        2.31 kB
dist/js/useFileUpload-Dc4gWtoJ.js.br                        2.31 kB
dist/js/AdvancedCalendarPage-DlE096D7.js.gz                 2.32 kB
dist/js/AdminVendorBilling-DWsmH9oM.js.br                   2.32 kB
dist/js/useDownloads-C5Gwovq9.js.gz                         2.32 kB
dist/js/CoursePixelsConfig-XjxFvZnu.js.gz                   2.33 kB
dist/js/AuctionsWatchlistPage-CFa6IzQT.js.br                2.33 kB
dist/js/useProductRecommendations-CqgQfqxW.js.gz            2.33 kB
dist/js/TransactionMonitoring-BjU_V2aw.js.gz                2.33 kB
dist/js/ArtistSpecificForms-ByKHyBsk.js.br                  2.34 kB
dist/js/DigitalAffiliateSettings-D9EuPGMJ.js.gz             2.36 kB
dist/js/useAffiliateLinks-Bc1RLYA0.js.gz                    2.38 kB
dist/js/DigitalFilesUploader-P-ib_-lS.js.br                 2.38 kB
dist/js/useArtistAuctions-BsYNyCQa.js.br                    2.39 kB
dist/js/ProductTemplateSelector-D3yRLISE.js.br              2.39 kB
dist/js/CourseFAQForm-BdLXwbUm.js.gz                        2.40 kB
dist/js/AdminReferrals-CAjLqlQf.js.br                       2.40 kB
dist/js/ArtistPreview-CH6HWMLI.js.br                        2.40 kB
dist/js/ServiceAddonsPage-DG8HaL0o.js.gz                    2.40 kB
dist/js/resend-CRH-YQoM.js.gz                               2.42 kB
dist/js/OptimizedImage-BlFdw80t.js.br                       2.43 kB
dist/js/AdminApiKeys-OJeR-T-t.js.br                         2.43 kB
dist/js/BlogArticleEngagement-kbq5YDHB.js.gz                2.43 kB
dist/js/ProductSEOForm-BwyUIKxm.js.br                       2.43 kB
dist/js/PlatformRevenue-BPU-oYPG.js.br                      2.43 kB
dist/js/AdminDomains-I-lkRUgC.js.br                         2.44 kB
dist/js/AdminRecommendationInsights-B6RLM_KF.js.gz          2.45 kB
dist/js/EmailAnalyticsPage-BK8zV3ma.js.br                   2.46 kB
dist/js/useAdvancedLoyalty-BB7nPBWZ.js.br                   2.46 kB
dist/js/AdminCourses-DZOpc0CE.js.br                         2.47 kB
dist/assets/react-big-calendar-BSwzzYnC.css.gz              2.48 kB
dist/js/image-upload-BMVT3lUI.js.br                         2.48 kB
dist/js/CoursesCatalog-DVwsK1EN.js.br                       2.48 kB
dist/js/DigitalProductVersionsManagement-ByHvRmz8.js.br     2.49 kB
dist/js/CourseAffiliateSettings-dKCC-Rs1.js.br              2.49 kB
dist/js/SEOAnalyzer-iUkbbJ8M.js.br                          2.49 kB
dist/js/AdminActivity-vJ2Okosn.js.gz                        2.51 kB
dist/js/PremiumNav-C03XhTcb.js.gz                           2.52 kB
dist/js/AuctionsListPage-DUrX1acB.js.br                     2.52 kB
dist/js/CustomerMyBookings-DF3sf_zB.js.br                   2.53 kB
dist/js/BundleDetail-20SnfhAG.js.gz                         2.54 kB
dist/js/ServiceManagementPage-BlbwpuGg.js.br                2.54 kB
dist/js/ArtistWorksCatalog-Bs8Tilrs.js.br                   2.55 kB
dist/js/DigitalProductsCompare-CC1ZDkR0.js.br               2.55 kB
dist/js/AdminInventory-C4rOlLeq.js.br                       2.55 kB
dist/js/useAIRecommendations-hZJVKoZB.js.br                 2.55 kB
dist/js/AuctionsWatchlistPage-CFa6IzQT.js.gz                2.56 kB
dist/js/landingPremiumCustomization-CkphqrL4.js.br          2.56 kB
dist/js/CreateBundle-DWFrGVDs.js.br                         2.58 kB
dist/js/PlatformBlogPage-gAg_WBKZ.js.br                     2.58 kB
dist/js/useFileUpload-Dc4gWtoJ.js.gz                        2.58 kB
dist/js/AdminNewsletterSubscribers-Dp8uY0Uz.js.br           2.58 kB
dist/js/CommunityPage-DQ8k5Hri.js.br                        2.59 kB
dist/js/AdminVendorBilling-DWsmH9oM.js.gz                   2.59 kB
dist/js/CourseSEOForm-BmhPdp8j.js.br                        2.60 kB
dist/js/ProductFAQForm-BYAeZuW4.js.br                       2.61 kB
dist/js/ProductAffiliateSettings-CgN4BZFU.js.br             2.61 kB
dist/js/useProductAnalytics-BNxJgbBy.js.br                  2.62 kB
dist/js/ArtistSpecificForms-ByKHyBsk.js.gz                  2.62 kB
dist/js/Cart-OeGsP4pN.js.br                                 2.62 kB
dist/js/ProductFeatureTest-DGrIPURE.js.br                   2.63 kB
dist/js/CollectionDetail-DP8ftbUC.js.br                     2.64 kB
dist/js/SellerCoursesList-CXaChThO.js.br                    2.64 kB
dist/js/MonerooReconciliation-CIRaB7qf.js.br                2.65 kB
dist/js/DigitalFilesUploader-P-ib_-lS.js.gz                 2.66 kB
dist/js/ServiceCalendarManagement-UA-Xshep.js.br            2.66 kB
dist/js/useArtistAuctions-BsYNyCQa.js.gz                    2.66 kB
dist/js/AdminApiKeys-OJeR-T-t.js.gz                         2.68 kB
dist/js/AdminReferrals-CAjLqlQf.js.gz                       2.69 kB
dist/js/AdminDomains-I-lkRUgC.js.gz                         2.69 kB
dist/js/ResourceConflictDetector-nU0mV0A7.js.br             2.70 kB
dist/js/ProductTemplateSelector-D3yRLISE.js.gz              2.70 kB
dist/js/ArtistPreview-CH6HWMLI.js.gz                        2.71 kB
dist/js/PlatformRevenue-BPU-oYPG.js.gz                      2.71 kB
dist/js/ProductSEOForm-BwyUIKxm.js.gz                       2.72 kB
dist/js/PlatformFaqPage-DTWcGZyO.js.br                      2.72 kB
dist/js/AdminStores-VlLZCGSr.js.br                          2.73 kB
dist/js/AdminAudit-Brwabbfs.js.br                           2.74 kB
dist/js/SellerArtistProductsList-DDEw2cAm.js.br             2.74 kB
dist/js/EmailAnalyticsPage-BK8zV3ma.js.gz                   2.74 kB
dist/js/KYC-Bn06_FV3.js.br                                  2.75 kB
dist/js/ServicesList-D55hwKac.js.br                         2.75 kB
dist/js/AdminCourses-DZOpc0CE.js.gz                         2.75 kB
dist/js/PhysicalCheckoutMethodBadge-D1Oy9feI.js.br          2.75 kB
dist/js/moneroo-client-CsWHlEBq.js.br                       2.76 kB
dist/js/CourseAffiliateSettings-dKCC-Rs1.js.gz              2.77 kB
dist/js/SEOAnalyzer-iUkbbJ8M.js.gz                          2.77 kB
dist/js/DigitalProductVersionsManagement-ByHvRmz8.js.gz     2.77 kB
dist/js/image-upload-BMVT3lUI.js.gz                         2.77 kB
dist/js/StoreFooter-DZ0tUU3_.js.br                          2.77 kB
dist/js/OptimizedImage-BlFdw80t.js.gz                       2.78 kB
dist/js/useAdvancedLoyalty-BB7nPBWZ.js.gz                   2.78 kB
dist/js/CoursesCatalog-DVwsK1EN.js.gz                       2.78 kB
dist/js/AuctionsListPage-DUrX1acB.js.gz                     2.78 kB
dist/js/select-DiHmVKsT.js.br                               2.78 kB
dist/js/CustomerMyBookings-DF3sf_zB.js.gz                   2.79 kB
dist/js/ServiceManagementPage-BlbwpuGg.js.gz                2.80 kB
dist/js/ProductCustomFieldsTab-DgnUug8W.js.br               2.81 kB
dist/js/MultiStoreCheckoutTracking-n_gFvta3.js.br           2.82 kB
dist/js/FeaturesSection-By-yGKws.js.br                      2.83 kB
dist/js/ProductFAQForm-BYAeZuW4.js.gz                       2.83 kB
dist/js/DigitalProductsCompare-CC1ZDkR0.js.gz               2.84 kB
dist/js/useAIRecommendations-hZJVKoZB.js.gz                 2.85 kB
dist/js/AdminNewsletterSubscribers-Dp8uY0Uz.js.gz           2.85 kB
dist/js/ArtistWorksCatalog-Bs8Tilrs.js.gz                   2.86 kB
dist/js/CameraCapture-dVvX2c2J.js.br                        2.86 kB
dist/js/AdminInventory-C4rOlLeq.js.gz                       2.86 kB
dist/js/PlatformBlogPage-gAg_WBKZ.js.gz                     2.86 kB
dist/js/AdminPayments-DS0RG7R7.js.br                        2.87 kB
dist/js/CreateBundle-DWFrGVDs.js.gz                         2.88 kB
dist/js/Cart-OeGsP4pN.js.gz                                 2.88 kB
dist/js/PayBalance-CalWLXOg.js.br                           2.88 kB
dist/js/CommunityPage-DQ8k5Hri.js.gz                        2.89 kB
dist/js/AdminShipping-CV-4SfAg.js.br                        2.90 kB
dist/js/CourseSEOForm-BmhPdp8j.js.gz                        2.91 kB
dist/js/MonerooReconciliation-CIRaB7qf.js.gz                2.91 kB
dist/js/StoreThemeProvider-CZbPLdb3.js.br                   2.91 kB
dist/js/ProductAffiliateSettings-CgN4BZFU.js.gz             2.91 kB
dist/js/IntegrationsSection-VFRuhV1Q.js.br                  2.93 kB
dist/js/ProductFeatureTest-DGrIPURE.js.gz                   2.95 kB
dist/js/ServiceCalendarManagement-UA-Xshep.js.gz            2.95 kB
dist/js/MonerooAnalytics-CcRcDBeU.js.br                     2.95 kB
dist/js/SellerCoursesList-CXaChThO.js.gz                    2.96 kB
dist/js/landingPremiumCustomization-CkphqrL4.js.gz          2.97 kB
dist/js/useAdvancedPayments-BJjkNbDc.js.br                  2.97 kB
dist/js/StaffCard-BPRtpvwk.js.br                            2.97 kB
dist/js/CreateVersionDialog-CewcKJRX.js.br                  2.99 kB
dist/js/CollectionDetail-DP8ftbUC.js.gz                     2.99 kB
dist/js/useProductAnalytics-BNxJgbBy.js.gz                  3.00 kB
dist/js/useMarketplaceProducts-C_rgn6R1.js.br               3.00 kB
dist/js/CreateProduct-B9b76-8F.js.br                        3.00 kB
dist/js/PlatformFaqPage-DTWcGZyO.js.gz                      3.01 kB
dist/js/ResourceConflictDetector-nU0mV0A7.js.gz             3.01 kB
dist/js/useDigitalProducts-jTUyLcTP.js.br                   3.01 kB
dist/js/AdminStores-VlLZCGSr.js.gz                          3.02 kB
dist/js/AdminSettings-zDdwF0JT.js.br                        3.02 kB
dist/js/AdminAudit-Brwabbfs.js.gz                           3.04 kB
dist/js/AdminErrorMonitoring-BoZPu2GQ.js.br                 3.04 kB
dist/js/SellerArtistProductsList-DDEw2cAm.js.gz             3.05 kB
dist/js/KYC-Bn06_FV3.js.gz                                  3.06 kB
dist/js/MyDownloads-B_SMBszf.js.br                          3.06 kB
dist/js/useAffiliateWithdrawals-DyAS218i.js.br              3.06 kB
dist/js/AdminProducts-CG5rIEU-.js.br                        3.07 kB
dist/js/AIContentGenerator-DszegjzT.js.br                   3.07 kB
dist/js/AdminLayout-DKAfKDhc.js.br                          3.08 kB
dist/js/PhysicalCheckoutMethodBadge-D1Oy9feI.js.gz          3.09 kB
dist/js/ProductCustomFieldsTab-DgnUug8W.js.gz               3.09 kB
dist/js/PhysicalSubscriptionRequired-BvpIsaUZ.js.br         3.09 kB
dist/js/ServicesList-D55hwKac.js.gz                         3.09 kB
dist/js/useMessaging-BpwoeP9E.js.br                         3.10 kB
dist/js/FeaturesSection-By-yGKws.js.gz                      3.10 kB
dist/js/moneroo-client-CsWHlEBq.js.gz                       3.11 kB
dist/js/select-DiHmVKsT.js.gz                               3.11 kB
dist/js/StoreFooter-DZ0tUU3_.js.gz                          3.12 kB
dist/js/PhysicalBasicInfoForm-BYTjLF-V.js.br                3.12 kB
dist/js/MultiStoreCheckoutTracking-n_gFvta3.js.gz           3.13 kB
dist/js/AdminMonitoring-CY4lC7Ev.js.br                      3.14 kB
dist/js/AuctionsManagementPage-H0giuprg.js.br               3.14 kB
dist/js/ArtistAuthenticationConfig-gp1tKjS-.js.br           3.14 kB
dist/js/useCart-BbSCgOdY.js.br                              3.14 kB
dist/js/AdminTaxManagement-w-YUbBWT.js.br                   3.14 kB
dist/js/PromotionScopeSelector-DXoHza-z.js.br               3.17 kB
dist/js/AdminPayments-DS0RG7R7.js.gz                        3.18 kB
dist/js/ProductFilesTab-CnK4Zojy.js.br                      3.18 kB
dist/js/PremiumFooter-BwN1YMcb.js.br                        3.19 kB
dist/js/PayBalance-CalWLXOg.js.gz                           3.19 kB
dist/js/AdminAnalytics-DV7F11rX.js.br                       3.19 kB
dist/js/CohortsManagementPage-DmJQdPnQ.js.br                3.19 kB
dist/js/AdminAccessibilityReport-v6FNvf3n.js.br             3.20 kB
dist/js/CameraCapture-dVvX2c2J.js.gz                        3.23 kB
dist/js/MediaAttachment-BV14j6Gx.js.br                      3.23 kB
dist/js/AdminVendorConversations-9cSIMkD9.js.br             3.24 kB
dist/js/unified-notifications-JEwzB7Gf.js.br                3.24 kB
dist/js/AdminShipping-CV-4SfAg.js.gz                        3.25 kB
dist/js/CreateVersionDialog-CewcKJRX.js.gz                  3.27 kB
dist/js/MonerooAnalytics-CcRcDBeU.js.gz                     3.27 kB
dist/js/CrossTypeBundlesPage-DHbAIXIk.js.br                 3.28 kB
dist/js/CourseAffiliate-BNI8QqsM.js.br                      3.29 kB
dist/js/Recommendations-D0B7_9L3.js.br                      3.30 kB
dist/js/ShippingServiceMessages-D0p15k37.js.br              3.31 kB
dist/js/useMarketplaceProducts-C_rgn6R1.js.gz               3.32 kB
dist/js/useDigitalProducts-jTUyLcTP.js.gz                   3.33 kB
dist/js/AdminErrorMonitoring-BoZPu2GQ.js.gz                 3.33 kB
dist/js/guest-order-confirmation-BkMROKM3.js.br             3.34 kB
dist/js/useAdvancedPayments-BJjkNbDc.js.gz                  3.34 kB
dist/js/IntegrationsSection-VFRuhV1Q.js.gz                  3.34 kB
dist/js/StaffCard-BPRtpvwk.js.gz                            3.34 kB
dist/js/StoreThemeProvider-CZbPLdb3.js.gz                   3.35 kB
dist/js/AdminSettings-zDdwF0JT.js.gz                        3.35 kB
dist/js/ProductCreationWizard-BFf-gR43.js.br                3.36 kB
dist/js/CohortDetailPage-D8jFZKNO.js.br                     3.36 kB
dist/js/CreateProduct-B9b76-8F.js.gz                        3.38 kB
dist/js/ProductSeoTab-GyKXW7Uu.js.br                        3.38 kB
dist/js/AdminFulfillmentAlerts-DcLYoHdh.js.br               3.38 kB
dist/js/AdminLayout-DKAfKDhc.js.gz                          3.40 kB
dist/js/AdminProducts-CG5rIEU-.js.gz                        3.40 kB
dist/js/Discover-CcIxIeYK.js.br                             3.40 kB
dist/js/uploadToSupabase-Bvwdq0Va.js.br                     3.41 kB
dist/js/AutomaticTrackingButton-DCUVj_67.js.br              3.41 kB
dist/js/StaffAvailabilityManager-CWHokEd-.js.br             3.42 kB
dist/js/CartEnhanced-DD50FGew.js.br                         3.42 kB
dist/js/AdminSales-q8MMq07l.js.br                           3.42 kB
dist/js/AuctionDetailPage-BRKPJiv5.js.br                    3.43 kB
dist/js/useMessaging-BpwoeP9E.js.gz                         3.43 kB
dist/js/HistoryBasedRecommendations-o7ZaD5o6.js.br          3.43 kB
dist/js/useAffiliateWithdrawals-DyAS218i.js.gz              3.43 kB
dist/js/AdminOrders-b_gAdFh-.js.br                          3.44 kB
dist/js/PhysicalSubscriptionRequired-BvpIsaUZ.js.gz         3.44 kB
dist/js/useCart-BbSCgOdY.js.gz                              3.45 kB
dist/js/MyDownloads-B_SMBszf.js.gz                          3.46 kB
dist/js/useLoyalty-TIECMUru.js.br                           3.46 kB
dist/js/PhysicalBasicInfoForm-BYTjLF-V.js.gz                3.46 kB
dist/js/AIContentGenerator-DszegjzT.js.gz                   3.47 kB
dist/js/AuctionsManagementPage-H0giuprg.js.gz               3.47 kB
dist/js/AdminTaxManagement-w-YUbBWT.js.gz                   3.47 kB
dist/js/AbandonedCartsManagement-C_Ayxg5p.js.br             3.48 kB
dist/js/AdminAnalytics-DV7F11rX.js.gz                       3.49 kB
dist/js/ArtistAuthenticationConfig-gp1tKjS-.js.gz           3.50 kB
dist/js/AdminMonitoring-CY4lC7Ev.js.gz                      3.50 kB
dist/js/CreatePromotionDialog-BHooeri9.js.br                3.51 kB
dist/js/AdminCommissionPayments-CDP7mTUK.js.br              3.52 kB
dist/js/PromotionScopeSelector-DXoHza-z.js.gz               3.52 kB
dist/js/ProductVisualTab-BPKJ4Zq6.js.br                     3.53 kB
dist/js/EditProduct-BsNZ2X5A.js.br                          3.53 kB
dist/js/ProductPixelsTab-BdvzlRo9.js.br                     3.53 kB
dist/js/es-Q2socLdv.js.br                                   3.54 kB
dist/js/CohortsManagementPage-DmJQdPnQ.js.gz                3.54 kB
dist/js/ImageStudioField-QLdzpsem.js.br                     3.55 kB
dist/js/Trending-CZY7WclP.js.br                             3.56 kB
dist/js/ProductFilesTab-CnK4Zojy.js.gz                      3.57 kB
dist/js/AdminVendorConversations-9cSIMkD9.js.gz             3.57 kB
dist/js/ProductReviewsSummary-_jLOtixZ.js.br                3.58 kB
dist/js/payment-service-TyqaW772.js.br                      3.58 kB
dist/js/PremiumFooter-BwN1YMcb.js.gz                        3.58 kB
dist/js/PaymentManagement-CmDbYsDU.js.br                    3.59 kB
dist/js/AdminAccessibilityReport-v6FNvf3n.js.gz             3.60 kB
dist/js/unified-notifications-JEwzB7Gf.js.gz                3.61 kB
dist/js/MediaAttachment-BV14j6Gx.js.gz                      3.61 kB
dist/js/CustomerLoyaltyPage-lhtxxPV1.js.br                  3.62 kB
dist/js/ProductVariantsTab-CZ3veI1W.js.br                   3.62 kB
dist/js/CrossTypeBundlesPage-DHbAIXIk.js.gz                 3.63 kB
dist/js/CourseGamificationDashboard-DqYIj81D.js.br          3.65 kB
dist/js/pt-GVWT0H1w.js.br                                   3.65 kB
dist/js/CourseAffiliate-BNI8QqsM.js.gz                      3.65 kB
dist/js/ServiceBasicInfoForm-By-_IsqO.js.br                 3.66 kB
dist/js/CohortDetailPage-D8jFZKNO.js.gz                     3.69 kB
dist/js/import-export-ZWLH0R92.js.br                        3.69 kB
dist/js/ShippingServiceMessages-D0p15k37.js.gz              3.70 kB
dist/js/Recommendations-D0B7_9L3.js.gz                      3.70 kB
dist/js/AdminFulfillmentAlerts-DcLYoHdh.js.gz               3.70 kB
dist/js/guest-order-confirmation-BkMROKM3.js.gz             3.71 kB
dist/js/RecurringBookingsManagement-Bs0pI1bd.js.br          3.71 kB
dist/js/BookingRemindersManagementPage-CrQc679i.js.br       3.72 kB
dist/js/ProductCreationWizard-BFf-gR43.js.gz                3.75 kB
dist/js/PlatformBlogArticlePage-CaV21ig8.js.br              3.76 kB
dist/js/de-qyZcfJJA.js.br                                   3.76 kB
dist/js/TemplateSelector-QwGUQopZ.js.br                     3.77 kB
dist/js/AuctionDetailPage-BRKPJiv5.js.gz                    3.77 kB
dist/js/ProductSeoTab-GyKXW7Uu.js.gz                        3.78 kB
dist/js/ServiceWaitlistManagementPage-C0nI7M0L.js.br        3.79 kB
dist/js/AdminDashboard-DAKFvXrt.js.br                       3.79 kB
dist/js/AdminOrders-b_gAdFh-.js.gz                          3.80 kB
dist/js/CartEnhanced-DD50FGew.js.gz                         3.81 kB
dist/js/SEOMetaInspector-DwrDlN3p.js.br                     3.82 kB
dist/js/Discover-CcIxIeYK.js.gz                             3.82 kB
dist/js/AdminSales-q8MMq07l.js.gz                           3.82 kB
dist/js/LicenseManagement-DoWDs5Jz.js.br                    3.82 kB
dist/js/StaffAvailabilityManager-CWHokEd-.js.gz             3.83 kB
dist/js/AutomaticTrackingButton-DCUVj_67.js.gz              3.84 kB
dist/js/PaymentConnectionsPage-D5Evh7bp.js.br               3.84 kB
dist/js/uploadToSupabase-Bvwdq0Va.js.gz                     3.84 kB
dist/js/DigitalBundleManager-DI1cWviK.js.br                 3.85 kB
dist/js/AdminCommissionSettings-D2hURK8Z.js.br              3.85 kB
dist/js/ProductPromotionsTab-CHz9RBWo.js.br                 3.86 kB
dist/js/useLoyalty-TIECMUru.js.gz                           3.87 kB
dist/js/AbandonedCartsManagement-C_Ayxg5p.js.gz             3.87 kB
dist/js/AdminCommissionPayments-CDP7mTUK.js.gz              3.90 kB
dist/js/HistoryBasedRecommendations-o7ZaD5o6.js.gz          3.90 kB
dist/js/CreatePromotionDialog-BHooeri9.js.gz                3.91 kB
dist/js/Landing-C20uS6SO.js.br                              3.93 kB
dist/js/ImageStudioField-QLdzpsem.js.gz                     3.94 kB
dist/js/ProductsCompare-Cmgi43x5.js.br                      3.95 kB
dist/js/PriceStockAlerts-B6oCx3nV.js.br                     3.96 kB
dist/js/ProductVisualTab-BPKJ4Zq6.js.gz                     3.97 kB
dist/js/PaymentSuccess-CsFdz2cp.js.br                       3.97 kB
dist/js/ProductPixelsTab-BdvzlRo9.js.gz                     3.98 kB
dist/js/Trending-CZY7WclP.js.gz                             3.98 kB
dist/js/InventoryAnalytics-DJHxlBHe.js.br                   3.99 kB
dist/js/payment-service-TyqaW772.js.gz                      3.99 kB
dist/js/CustomerLoyaltyPage-lhtxxPV1.js.gz                  4.01 kB
dist/js/PaymentManagement-CmDbYsDU.js.gz                    4.01 kB
dist/js/ProductReviewsSummary-_jLOtixZ.js.gz                4.03 kB
dist/js/ProductVariantsTab-CZ3veI1W.js.gz                   4.03 kB
dist/js/EditProduct-BsNZ2X5A.js.gz                          4.04 kB
dist/js/ContactShippingService-CtJSn-91.js.br               4.04 kB
dist/js/PersonalizedRecommendationsPage-Cx3TWk8i.js.br      4.04 kB
dist/js/AdminPlatformFaq-FDPi6pfr.js.br                     4.07 kB
dist/js/CourseGamificationDashboard-DqYIj81D.js.gz          4.07 kB
dist/js/ServiceBasicInfoForm-By-_IsqO.js.gz                 4.08 kB
dist/js/ReviewsManagement-B74uJsVd.js.br                    4.08 kB
dist/js/DigitalProductsSearch-BHmrFbAe.js.br                4.08 kB
dist/js/CustomDomainManagement-C3l0YihQ.js.br               4.10 kB
dist/js/ShippingRatesManager-BOigiU29.js.br                 4.11 kB
dist/js/es-Q2socLdv.js.gz                                   4.11 kB
dist/js/DigitalBundlesManagement-CScWHWgL.js.br             4.12 kB
dist/js/pt-GVWT0H1w.js.gz                                   4.12 kB
dist/js/useAffiliateCommissions-BfjwdYx8.js.br              4.12 kB
dist/js/BookingRemindersManagementPage-CrQc679i.js.gz       4.13 kB
dist/js/MyDownloads-6EEU-tQS.js.br                          4.13 kB
dist/js/RecurringBookingsManagement-Bs0pI1bd.js.gz          4.14 kB
dist/js/SellerGiftCardManagement-1YXjJ77M.js.br             4.14 kB
dist/js/de-qyZcfJJA.js.gz                                   4.17 kB
dist/js/AdminDashboard-DAKFvXrt.js.gz                       4.18 kB
dist/js/AnalyticsDashboardsManagement-IThR27mw.js.br        4.18 kB
dist/js/PlatformBlogArticlePage-CaV21ig8.js.gz              4.20 kB
dist/js/RecurringBookingsPage-wJGivEQl.js.br                4.20 kB
dist/js/ServiceWaitlistManagementPage-C0nI7M0L.js.gz        4.20 kB
dist/js/import-export-ZWLH0R92.js.gz                        4.22 kB
dist/js/HorizontalContextNav-jNVOI0PA.js.br                 4.23 kB
dist/js/MyLicenses-D3NrXxFA.js.br                           4.23 kB
dist/js/LicenseManagement-DoWDs5Jz.js.gz                    4.23 kB
dist/js/SEOMetaInspector-DwrDlN3p.js.gz                     4.24 kB
dist/js/DigitalBundleManager-DI1cWviK.js.gz                 4.25 kB
dist/js/DisputeDetail-D3DYNgFQ.js.br                        4.25 kB
dist/js/AdminCommissionSettings-D2hURK8Z.js.gz              4.25 kB
dist/js/AdminCommunity-DdJ0RJUN.js.br                       4.28 kB
dist/js/AdminTransactionReconciliation-BW8ACwS6.js.br       4.29 kB
dist/js/TemplateSelector-QwGUQopZ.js.gz                     4.30 kB
dist/js/PaymentConnectionsPage-D5Evh7bp.js.gz               4.30 kB
dist/js/AdminDemandForecasting-BuLWnW-v.js.br               4.31 kB
dist/js/ProductPromotionsTab-CHz9RBWo.js.gz                 4.31 kB
dist/js/DemandForecasting-BF27m_wK.js.br                    4.33 kB
dist/js/EditGenericProductWizard-_l4oOiSh.js.br             4.34 kB
dist/js/DigitalProductCard-DbB0m_AN.js.br                   4.35 kB
dist/js/useBookings-B41SPHnm.js.br                          4.36 kB
dist/js/ProductsCompare-Cmgi43x5.js.gz                      4.38 kB
dist/js/PriceStockAlerts-B6oCx3nV.js.gz                     4.39 kB
dist/js/ReturnsTab-OoBU0cjU.js.br                           4.40 kB
dist/js/PaymentSuccess-CsFdz2cp.js.gz                       4.40 kB
dist/js/Landing-C20uS6SO.js.gz                              4.42 kB
dist/js/PaymentMethods-Da2WbKe_.js.br                       4.42 kB
dist/js/InventoryAnalytics-DJHxlBHe.js.gz                   4.43 kB
dist/js/CourseCurriculumBuilder-D7NoKPxS.js.br              4.43 kB
dist/js/CouponsManagement-Vr_bOQ43.js.br                    4.43 kB
dist/js/MyCourses-BvwZmw1T.js.br                            4.44 kB
dist/js/SellerPhysicalBarcodeScanner-CpAB3ACJ.js.br         4.47 kB
dist/js/CalendarIntegrationsPage-B8GpV0OQ.js.br             4.48 kB
dist/js/AffiliateCoursesDashboard-Ez-EG9HG.js.br            4.49 kB
dist/js/ContactShippingService-CtJSn-91.js.gz               4.52 kB
dist/js/AdminShippingConversations-_xA24u3L.js.br           4.52 kB
dist/js/CustomDomainManagement-C3l0YihQ.js.gz               4.52 kB
dist/js/DigitalProductsSearch-BHmrFbAe.js.gz                4.53 kB
dist/js/PersonalizedRecommendationsPage-Cx3TWk8i.js.gz      4.54 kB
dist/js/MyProfile-l75EPBJP.js.br                            4.55 kB
dist/js/AdminPlatformFaq-FDPi6pfr.js.gz                     4.56 kB
dist/js/ReviewsManagement-B74uJsVd.js.gz                    4.56 kB
dist/js/ArtistPortfoliosManagement-BKh_nkyZ.js.br           4.57 kB
dist/js/DigitalBundlesManagement-CScWHWgL.js.gz             4.57 kB
dist/js/ShippingRatesManager-BOigiU29.js.gz                 4.59 kB
dist/js/fr-CfBEla47.js.br                                   4.60 kB
dist/js/SuppliersManagement-CRtU60cl.js.br                  4.60 kB
dist/js/SellerGiftCardManagement-1YXjJ77M.js.gz             4.62 kB
dist/js/MyDownloads-6EEU-tQS.js.gz                          4.62 kB
dist/js/MarketingAutomationDashboard-vlLcZWT6.js.br         4.64 kB
dist/js/LiveSessionsManagement-Bh1_qgID.js.br               4.65 kB
dist/js/useReviews-6kWm_gYy.js.br                           4.65 kB
dist/js/AnalyticsDashboardsManagement-IThR27mw.js.gz        4.65 kB
dist/js/CustomerWarranties-BQtUZqNp.js.br                   4.66 kB
dist/js/TaxManagement-BvbjdsdI.js.br                        4.66 kB
dist/js/RecurringBookingsPage-wJGivEQl.js.gz                4.67 kB
dist/js/useAffiliateCommissions-BfjwdYx8.js.gz              4.67 kB
dist/js/AISettingsPage-Bj0Yeu45.js.br                       4.68 kB
dist/js/HorizontalContextNav-jNVOI0PA.js.gz                 4.69 kB
dist/js/moneroo-payment-DGGpfXDn.js.br                      4.71 kB
dist/js/StorePhysicalBilling-743d7-q1.js.br                 4.71 kB
dist/js/AdminReturnManagement-DL_BqaBL.js.br                4.71 kB
dist/js/SellerLoyaltyManagement-CYU7gJZ6.js.br              4.72 kB
dist/js/artist-product-validators-_6li0pQF.js.br            4.74 kB
dist/js/MyLicenses-D3NrXxFA.js.gz                           4.78 kB
dist/js/AdminTransactionReconciliation-BW8ACwS6.js.gz       4.79 kB
dist/js/DisputeDetail-D3DYNgFQ.js.gz                        4.79 kB
dist/js/AdminDemandForecasting-BuLWnW-v.js.gz               4.79 kB
dist/js/DemandForecasting-BF27m_wK.js.gz                    4.79 kB
dist/js/PaymentManagementList-JBp7R_aq.js.br                4.80 kB
dist/js/OrderMessaging-BPqbcvA5.js.br                       4.80 kB
dist/js/SellerPhysicalMultiCurrency-jpTioYkX.js.br          4.81 kB
dist/js/SellerPhysicalPreOrders-BCTA-pSq.js.br              4.81 kB
dist/js/AdminCommunity-DdJ0RJUN.js.gz                       4.81 kB
dist/js/EditGenericProductWizard-_l4oOiSh.js.gz             4.83 kB
dist/js/DigitalProductAnalytics-HX7Sbj23.js.br              4.84 kB
dist/js/StorageDiagnosticPage-Bx9yNd0R.js.br                4.84 kB
dist/js/EmailTagsManagementPage-Bm5rnLL9.js.br              4.85 kB
dist/js/AdvancedServiceCalendar-BLqVMrBF.js.br              4.86 kB
dist/js/PayBalanceList-CUbHFSta.js.br                       4.87 kB
dist/js/CourseCurriculumBuilder-D7NoKPxS.js.gz              4.87 kB
dist/js/PhysicalProductsLotsManagement-2kyvw5jw.js.br       4.88 kB
dist/js/ReturnsTab-OoBU0cjU.js.gz                           4.89 kB
dist/js/useBookings-B41SPHnm.js.gz                          4.90 kB
dist/js/DigitalProductCard-DbB0m_AN.js.gz                   4.91 kB
dist/js/PaymentMethods-Da2WbKe_.js.gz                       4.92 kB
dist/js/MyCourses-BvwZmw1T.js.gz                            4.94 kB
dist/js/CouponsManagement-Vr_bOQ43.js.gz                    4.94 kB
dist/js/CalendarIntegrationsPage-B8GpV0OQ.js.gz             4.94 kB
dist/js/SellerPhysicalBarcodeScanner-CpAB3ACJ.js.gz         4.96 kB
dist/js/WithdrawalsFilters-dU6hvlLE.js.br                   4.97 kB
dist/js/NotificationsManagement-6SSJrfQS.js.br              4.98 kB
dist/js/CourseAnalytics-BB_0Asuu.js.br                      4.99 kB
dist/js/AdminShippingConversations-_xA24u3L.js.gz           5.00 kB
dist/js/AffiliateCoursesDashboard-Ez-EG9HG.js.gz            5.02 kB
dist/js/command-C_rdElsI.js.br                              5.04 kB
dist/js/StyleQuizPage-BHE55i6A.js.br                        5.05 kB
dist/js/AdminStoreWithdrawals-BDN-tb1m.js.br                5.10 kB
dist/js/MyProfile-l75EPBJP.js.gz                            5.11 kB
dist/js/EditCourseProductWizard-B3cipj_W.js.br              5.11 kB
dist/js/ArtistPortfoliosManagement-BKh_nkyZ.js.gz           5.12 kB
dist/js/MarketingAutomationDashboard-vlLcZWT6.js.gz         5.12 kB
dist/js/fr-CfBEla47.js.gz                                   5.13 kB
dist/js/TaxManagement-BvbjdsdI.js.gz                        5.13 kB
dist/js/CustomerWarranties-BQtUZqNp.js.gz                   5.15 kB
dist/js/AdminAffiliates-DnyZfHAD.js.br                      5.15 kB
dist/js/SuppliersManagement-CRtU60cl.js.gz                  5.17 kB
dist/js/Pixels-ByFvHIh0.js.br                               5.18 kB
dist/js/ProductForm-BqakBQSW.js.br                          5.19 kB
dist/js/useReviews-6kWm_gYy.js.gz                           5.19 kB
dist/js/LiveSessionsManagement-Bh1_qgID.js.gz               5.19 kB
dist/js/moneroo-payment-DGGpfXDn.js.gz                      5.19 kB
dist/js/AdminReturnManagement-DL_BqaBL.js.gz                5.20 kB
dist/js/ArtistBasicInfoForm-Cde6UHQA.js.br                  5.20 kB
dist/js/AISettingsPage-Bj0Yeu45.js.gz                       5.24 kB
dist/js/StorePhysicalBilling-743d7-q1.js.gz                 5.26 kB
dist/js/artist-product-validators-_6li0pQF.js.gz            5.30 kB
dist/js/EmailSegmentsPage-BdOYazvv.js.br                    5.31 kB
dist/js/SellerLoyaltyManagement-CYU7gJZ6.js.gz              5.31 kB
dist/js/ResourceConflictManagement-D62J9hp_.js.br           5.31 kB
dist/js/seo-DrJMihh-.js.br                                  5.34 kB
dist/js/SellerPhysicalPreOrders-BCTA-pSq.js.gz              5.34 kB
dist/js/OrderMessaging-BPqbcvA5.js.gz                       5.35 kB
dist/js/LazyCharts-BTRpo7GY.js.br                           5.35 kB
dist/js/SellerIntegrationsPage-DQXnVTPX.js.br               5.38 kB
dist/js/SellerPhysicalMultiCurrency-jpTioYkX.js.gz          5.38 kB
dist/js/AdvancedServiceCalendar-BLqVMrBF.js.gz              5.38 kB
dist/js/StorageDiagnosticPage-Bx9yNd0R.js.gz                5.38 kB
dist/js/DigitalProductAnalytics-HX7Sbj23.js.gz              5.38 kB
dist/js/AdminReviews-Clt0dloy.js.br                         5.39 kB
dist/js/CommunityPostForm-rc7FaM9e.js.br                    5.40 kB
dist/js/PaymentManagementList-JBp7R_aq.js.gz                5.42 kB
dist/js/EmailTagsManagementPage-Bm5rnLL9.js.gz              5.42 kB
dist/js/PhysicalProductsLotsManagement-2kyvw5jw.js.gz       5.43 kB
dist/js/NotificationSettings-spOZ6leq.js.br                 5.44 kB
dist/js/EditArtistProductWizard-DNSnqkKx.js.br              5.45 kB
dist/js/GamificationPage-DsGKMHPx.js.br                     5.46 kB
dist/js/PayBalanceList-CUbHFSta.js.gz                       5.49 kB
dist/js/ProductDescriptionTab-BFIBMTPx.js.br                5.49 kB
dist/js/AdvancedDashboard-Bj-L1gSy.js.br                    5.51 kB
dist/js/Customers-D4oYfSGh.js.br                            5.51 kB
dist/js/SellerPhysicalPromotions-lupTPQga.js.br             5.51 kB
dist/js/WithdrawalsFilters-dU6hvlLE.js.gz                   5.52 kB
dist/js/command-C_rdElsI.js.gz                              5.55 kB
dist/js/CourseAnalytics-BB_0Asuu.js.gz                      5.56 kB
dist/js/SmartImage-Bqy233XM.js.br                           5.56 kB
dist/js/CustomerMyInvoices-D9vdalbj.js.br                   5.56 kB
dist/js/SellerBatchShipping-LsrRVqqD.js.br                  5.57 kB
dist/js/NotificationsManagement-6SSJrfQS.js.gz              5.60 kB
dist/js/StoreAffiliateManagement-BN0Jea8d.js.br             5.60 kB
dist/js/CourseBasicInfoForm-DP4Aemxp.js.br                  5.61 kB
dist/js/StyleQuizPage-BHE55i6A.js.gz                        5.64 kB
dist/js/DigitalBasicInfoForm-C1kN5WAg.js.br                 5.67 kB
dist/js/PhysicalSizeChartSelector-DCF0fClS.js.br            5.68 kB
dist/js/AdminStoreWithdrawals-BDN-tb1m.js.gz                5.69 kB
dist/js/PaymentsCustomers-vTltrOIm.js.br                    5.70 kB
dist/js/EditCourseProductWizard-B3cipj_W.js.gz              5.71 kB
dist/js/EditServiceProductWizard-_UhYHlos.js.br             5.72 kB
dist/js/EmailTemplateEditorPage-B5QIDQBg.js.br              5.74 kB
dist/js/Promotions-DRCTV5MD.js.br                           5.74 kB
dist/js/Pixels-ByFvHIh0.js.gz                               5.76 kB
dist/js/ProductFAQTab-DjiDacO9.js.br                        5.77 kB
dist/js/AdminAffiliates-DnyZfHAD.js.gz                      5.78 kB
dist/js/ArtistBasicInfoForm-Cde6UHQA.js.gz                  5.83 kB
dist/js/AdminUsers-0CrJZRxY.js.br                           5.83 kB
dist/js/platformFooterPageDefaults-CEYnASA1.js.br           5.87 kB
dist/js/AssignmentsManagement-RyxAHvg3.js.br                5.87 kB
dist/js/ResourceConflictManagement-D62J9hp_.js.gz           5.88 kB
dist/js/EmailSegmentsPage-BdOYazvv.js.gz                    5.89 kB
dist/js/LazyCharts-BTRpo7GY.js.gz                           5.90 kB
dist/js/ProductForm-BqakBQSW.js.gz                          5.93 kB
dist/js/StaffAvailabilityCalendar-DwoJARVH.js.br            5.97 kB
dist/js/StoreAffiliates-DD0onVNP.js.br                      6.00 kB
dist/js/SellerIntegrationsPage-DQXnVTPX.js.gz               6.00 kB
dist/js/CommunityPostForm-rc7FaM9e.js.gz                    6.00 kB
dist/js/seo-DrJMihh-.js.gz                                  6.02 kB
dist/js/SellerPhysicalBackorders-jZr7joFm.js.br             6.03 kB
dist/js/AdminReviews-Clt0dloy.js.gz                         6.03 kB
dist/js/SellerCostOptimization-qdMb-3hF.js.br               6.07 kB
dist/js/SellerPhysicalBundles-BdtX0hUk.js.br                6.07 kB
dist/js/SellerPhysicalProductsAnalytics--VVCCQHM.js.br      6.07 kB
dist/js/EditArtistProductWizard-DNSnqkKx.js.gz              6.07 kB
dist/js/NotificationSettings-spOZ6leq.js.gz                 6.08 kB
dist/js/GamificationPage-DsGKMHPx.js.gz                     6.14 kB
dist/js/MyOrders-lgVYq56Q.js.br                             6.14 kB
dist/js/ProductDescriptionTab-BFIBMTPx.js.gz                6.14 kB
dist/js/Customers-D4oYfSGh.js.gz                            6.15 kB
dist/js/SellerBatchShipping-LsrRVqqD.js.gz                  6.15 kB
dist/js/AdvancedDashboard-Bj-L1gSy.js.gz                    6.16 kB
dist/js/SellerPhysicalPromotions-lupTPQga.js.gz             6.16 kB
dist/js/CustomerMyInvoices-D9vdalbj.js.gz                   6.17 kB
dist/js/SmartImage-Bqy233XM.js.gz                           6.19 kB
dist/js/StoreAffiliateManagement-BN0Jea8d.js.gz             6.23 kB
dist/js/utils-BqxLU5bf.js.br                                6.31 kB
dist/js/CourseBasicInfoForm-DP4Aemxp.js.gz                  6.31 kB
dist/js/DigitalBasicInfoForm-C1kN5WAg.js.gz                 6.31 kB
dist/js/OfflineQueueManager-B-n_x93S.js.br                  6.37 kB
dist/js/Promotions-DRCTV5MD.js.gz                           6.40 kB
dist/js/DigitalSubscriptionCard-DZy7Qyie.js.br              6.41 kB
dist/js/PaymentsCustomers-vTltrOIm.js.gz                    6.43 kB
dist/js/EditServiceProductWizard-_UhYHlos.js.gz             6.44 kB
dist/js/ProductAnalyticsTab-C59_7E4f.js.br                  6.45 kB
dist/js/ProductFAQTab-DjiDacO9.js.gz                        6.46 kB
dist/js/platformFooterPageDefaults-CEYnASA1.js.gz           6.46 kB
dist/js/EmailTemplateEditorPage-B5QIDQBg.js.gz              6.48 kB
dist/js/EditDigitalProductWizard-BNlZDnkJ.js.br             6.49 kB
dist/js/DigitalProductUpdatesDashboard-nzSOtXPG.js.br       6.50 kB
dist/js/AssignmentsManagement-RyxAHvg3.js.gz                6.50 kB
dist/js/PhysicalSizeChartSelector-DCF0fClS.js.gz            6.50 kB
dist/js/AdminUsers-0CrJZRxY.js.gz                           6.55 kB
dist/js/usePlanLockNavAction-Gmikz5ic.js.br                 6.59 kB
dist/js/PhysicalProductsList-kUcSfWea.js.br                 6.60 kB
dist/js/StaffAvailabilityCalendar-DwoJARVH.js.gz            6.64 kB
dist/js/index-BvFlHQvU.js.br                                6.67 kB
dist/js/SellerPhysicalBackorders-jZr7joFm.js.gz             6.68 kB
dist/js/BookingsManagement-xvUJYOmS.js.br                   6.71 kB
dist/js/SellerPhysicalBundles-BdtX0hUk.js.gz                6.73 kB
dist/js/AdminPlatformBlog-CO-aiapB.js.br                    6.74 kB
dist/js/SellerPhysicalProductsAnalytics--VVCCQHM.js.gz      6.78 kB
dist/js/StoreAffiliates-DD0onVNP.js.gz                      6.80 kB
dist/js/EditPhysicalProductWizard-B1YSXEyR.js.br            6.86 kB
dist/js/SellerCostOptimization-qdMb-3hF.js.gz               6.86 kB
dist/js/MyOrders-lgVYq56Q.js.gz                             6.87 kB
dist/js/AIProductRecommendations-2vuZf9Tt.js.br             6.89 kB
dist/js/ShippingServices-OoqN91b0.js.br                     6.90 kB
dist/js/ArtistPortfolioPage-BvlCXzsu.js.br                  6.91 kB
dist/js/OfflineQueueManager-B-n_x93S.js.gz                  7.07 kB
dist/js/SellerPhysicalInventoryManagement-CWit72aj.js.br    7.08 kB
dist/js/AdminDisputes-llRzVes4.js.br                        7.08 kB
dist/js/SellerWebhookManagement-BoXRgZXV.js.br              7.13 kB
dist/js/AIChatbotPage-raYxcXg8.js.br                        7.15 kB
dist/js/ArtistProductDetail-Y8Yik_J3.js.br                  7.17 kB
dist/js/utils-BqxLU5bf.js.gz                                7.18 kB
dist/index.html                                             7.20 kB
dist/js/DigitalSubscriptionCard-DZy7Qyie.js.gz              7.20 kB
dist/js/DigitalProductUpdatesDashboard-nzSOtXPG.js.gz       7.23 kB
dist/js/SellerProductKitsManagement-46WBbrRx.js.br          7.25 kB
dist/js/EditDigitalProductWizard-BNlZDnkJ.js.gz             7.26 kB
dist/js/ProductAnalyticsTab-C59_7E4f.js.gz                  7.27 kB
dist/js/PhysicalProductsList-kUcSfWea.js.gz                 7.29 kB
dist/js/index-BvFlHQvU.js.gz                                7.30 kB
dist/js/Withdrawals-C4gprMxz.js.br                          7.35 kB
dist/js/usePlanLockNavAction-Gmikz5ic.js.gz                 7.37 kB
dist/js/CreatePhysicalProductWizard_v2-dCZYXl5W.js.br       7.39 kB
dist/js/CreateServiceWizard_v2-C5Gm3JWp.js.br               7.43 kB
dist/js/Analytics-D4ad4SnK.js.br                            7.46 kB
dist/js/AdminPlatformBlog-CO-aiapB.js.gz                    7.51 kB
dist/js/BookingsManagement-xvUJYOmS.js.gz                   7.52 kB
dist/js/SupplierOrders-bbql7ot-.js.br                       7.64 kB
dist/js/AIProductRecommendations-2vuZf9Tt.js.gz             7.66 kB
dist/js/Referrals-Cf7rVIse.js.br                            7.68 kB
dist/js/EditPhysicalProductWizard-B1YSXEyR.js.gz            7.71 kB
dist/js/ShippingServices-OoqN91b0.js.gz                     7.71 kB
dist/js/ArtistPortfolioPage-BvlCXzsu.js.gz                  7.72 kB
dist/js/UnifiedProductCard-9BiPgh0p.js.br                   7.75 kB
dist/js/Payments-BZq5RcXi.js.br                             7.84 kB
dist/js/AdminDisputes-llRzVes4.js.gz                        7.88 kB
dist/js/SellerPhysicalInventoryManagement-CWit72aj.js.gz    7.93 kB
dist/js/SellerWebhookManagement-BoXRgZXV.js.gz              7.94 kB
dist/js/ProductInfoTab-BAqibmO5.js.br                       7.94 kB
dist/js/CreateDigitalProductWizard_v2-BFXVz6dL.js.br        7.96 kB
dist/js/AIChatbotPage-raYxcXg8.js.gz                        8.02 kB
dist/js/ArtistProductDetail-Y8Yik_J3.js.gz                  8.05 kB
dist/js/SellerProductKitsManagement-46WBbrRx.js.gz          8.08 kB
dist/js/ServicesList-Cz-AlkyI.js.br                         8.09 kB
dist/js/EmailSequencesPage-C9sylvC2.js.br                   8.10 kB
dist/js/AdminSuppliersManagement-BkUMDH2v.js.br             8.12 kB
dist/js/Withdrawals-C4gprMxz.js.gz                          8.15 kB
dist/js/SellerPhysicalSerialTracking-BZj1St1t.js.br         8.17 kB
dist/js/CustomerPortal-DqFnVxK9.js.br                       8.18 kB
dist/js/CreatePhysicalProductWizard_v2-dCZYXl5W.js.gz       8.26 kB
dist/js/CreateServiceWizard_v2-C5Gm3JWp.js.gz               8.26 kB
dist/js/Analytics-D4ad4SnK.js.gz                            8.34 kB
dist/js/CreateArtistProductWizard-D4OkSA6j.js.br            8.47 kB
dist/js/InventoryDashboard-q9IgE2Tt.js.br                   8.54 kB
dist/js/SupplierOrders-bbql7ot-.js.gz                       8.63 kB
dist/js/UnifiedProductCard-9BiPgh0p.js.gz                   8.66 kB
dist/js/Referrals-Cf7rVIse.js.gz                            8.66 kB
dist/js/CustomerDigitalPortal-ChQH9aPl.js.br                8.77 kB
dist/js/CreateDigitalProductWizard_v2-BFXVz6dL.js.gz        8.83 kB
dist/js/Payments-BZq5RcXi.js.gz                             8.83 kB
dist/js/SellerWarehousesManagement-o3T87Odb.js.br           8.84 kB
dist/js/ProductInfoTab-BAqibmO5.js.gz                       8.97 kB
dist/js/ServicesList-Cz-AlkyI.js.gz                         9.01 kB
dist/js/EmailSequencesPage-C9sylvC2.js.gz                   9.01 kB
dist/js/CreateCourseWizard-Bzm58io1.js.br                   9.09 kB
dist/js/SellerPhysicalSerialTracking-BZj1St1t.js.gz         9.17 kB
dist/js/calendar-OeFLZc0Z.js.br                             9.18 kB
dist/js/CustomerPortal-DqFnVxK9.js.gz                       9.20 kB
dist/js/VendorMessaging-Dwf7KXCF.js.br                      9.32 kB
dist/js/CreateArtistProductWizard-D4OkSA6j.js.gz            9.44 kB
dist/js/StoreTeamManagement-BMN9fyDV.js.br                  9.53 kB
dist/js/CustomerMyWishlist-C2KHBLKb.js.br                   9.55 kB
dist/js/InventoryDashboard-q9IgE2Tt.js.gz                   9.56 kB
dist/js/AdminSuppliersManagement-BkUMDH2v.js.gz             9.71 kB
dist/js/AIManagementPage-8cGNXeoi.js.br                     9.73 kB
dist/js/EmailWorkflowsPage-BQ-vWn7h.js.br                   9.78 kB
dist/js/CustomerDigitalPortal-ChQH9aPl.js.gz                9.83 kB
dist/js/AdminNotifications-DRRR6H_f.js.br                   9.94 kB
dist/js/rich-text-editor-pro-CdmsI6Gp.js.br                 9.99 kB
dist/js/SellerWarehousesManagement-o3T87Odb.js.gz          10.00 kB
dist/js/forms-D93rJSc_.js.br                               10.07 kB
dist/js/CustomerPhysicalPortal-DH3fHXL-.js.br              10.08 kB
dist/js/CreateCourseWizard-Bzm58io1.js.gz                  10.11 kB
dist/js/DigitalProductsList-DKR4fX1n.js.br                 10.14 kB
dist/js/calendar-OeFLZc0Z.js.gz                            10.36 kB
dist/js/VendorMessaging-Dwf7KXCF.js.gz                     10.37 kB
dist/js/ShippingDashboard-BvQ3pM2q.js.br                   10.44 kB
dist/js/Storefront-DkfTzWCE.js.br                          10.51 kB
dist/js/StoreTeamManagement-BMN9fyDV.js.gz                 10.65 kB
dist/js/CustomerMyWishlist-C2KHBLKb.js.gz                  10.66 kB
dist/js/Auth-DV5osAmt.js.br                                10.76 kB
dist/js/EmailCampaignsPage-BielbGhO.js.br                  10.82 kB
dist/js/AIManagementPage-8cGNXeoi.js.gz                    10.91 kB
dist/js/EmailWorkflowsPage-BQ-vWn7h.js.gz                  10.94 kB
dist/js/forms-D93rJSc_.js.gz                               11.03 kB
dist/js/Checkout-5HFUmGCu.js.br                            11.14 kB
dist/js/AdminNotifications-DRRR6H_f.js.gz                  11.15 kB
dist/js/vendor-query-D-vAF8Rg.js.br                        11.20 kB
dist/js/CustomerPhysicalPortal-DH3fHXL-.js.gz              11.34 kB
dist/js/DigitalProductsList-DKR4fX1n.js.gz                 11.52 kB
dist/js/rich-text-editor-pro-CdmsI6Gp.js.gz                11.55 kB
dist/js/date-utils-B287BHhT.js.br                          11.59 kB
dist/js/ShippingDashboard-BvQ3pM2q.js.gz                   11.73 kB
dist/js/AdminDataStorage-3d1vGR-c.js.br                    11.87 kB
dist/js/Storefront-DkfTzWCE.js.gz                          11.91 kB
dist/js/Checkout-DtJWqIQM.js.br                            11.92 kB
dist/js/Auth-DV5osAmt.js.gz                                12.00 kB
dist/js/EmailCampaignsPage-BielbGhO.js.gz                  12.12 kB
dist/js/checkout-buy-now-DOhzL-60.js.br                    12.13 kB
dist/js/vendor-query-D-vAF8Rg.js.gz                        12.27 kB
dist/js/Checkout-5HFUmGCu.js.gz                            12.70 kB
dist/js/DigitalProductDetail-DB6sgRQE.js.br                12.82 kB
dist/js/Checkout-DtJWqIQM.js.gz                            13.20 kB
dist/js/Dashboard-CMVHuYjj.js.br                           13.24 kB
dist/js/AdminDataStorage-3d1vGR-c.js.gz                    13.25 kB
dist/js/ProductDetail-D5YrXuk0.js.br                       13.39 kB
dist/js/checkout-buy-now-DOhzL-60.js.gz                    13.53 kB
dist/js/date-utils-B287BHhT.js.gz                          13.69 kB
dist/js/AdvancedOrderManagement-BXAfgWa9.js.br             13.99 kB
dist/js/DigitalProductDetail-DB6sgRQE.js.gz                14.56 kB
dist/js/ServiceDetail-DSJDSAB2.js.br                       14.70 kB
dist/js/fr-ZsDi-kRj.js.br                                  14.84 kB
dist/js/Dashboard-CMVHuYjj.js.gz                           14.98 kB
dist/js/ProductDetail-D5YrXuk0.js.gz                       15.16 kB
dist/js/Orders-CFFkgzCl.js.br                              15.20 kB
dist/js/AffiliateDashboard-VRROQNSR.js.br                  15.49 kB
dist/js/AdvancedOrderManagement-BXAfgWa9.js.gz             16.39 kB
dist/js/ServiceDetail-DSJDSAB2.js.gz                       16.51 kB
dist/js/fr-ZsDi-kRj.js.gz                                  16.77 kB
dist/js/SEOPagesList-D-XpuWK7.js.br                        17.16 kB
dist/js/Orders-CFFkgzCl.js.gz                              17.19 kB
dist/assets/hero-carousel-entrepreneur-480-cx-R91ex.webp   17.57 kB
dist/js/AppPageShell-00ghYcIa.js.br                        17.60 kB
dist/js/AffiliateDashboard-VRROQNSR.js.gz                  17.82 kB
dist/js/Settings-DSK2Oy6Z.js.br                            17.89 kB
dist/js/icons-D3zQkhHn.js.br                               17.93 kB
dist/js/Products-PCdck1pU.js.br                            18.10 kB
dist/js/browser-image-compression-_ZkOCjiO.js.br           18.50 kB
dist/js/checkout-cart-Bpmh3EUb.js.br                       19.12 kB
dist/js/SEOPagesList-D-XpuWK7.js.gz                        19.15 kB
dist/js/AppPageShell-00ghYcIa.js.gz                        19.87 kB
dist/js/Settings-DSK2Oy6Z.js.gz                            20.54 kB
dist/js/Products-PCdck1pU.js.gz                            20.92 kB
dist/js/icons-D3zQkhHn.js.gz                               20.99 kB
dist/js/browser-image-compression-_ZkOCjiO.js.gz           21.07 kB
dist/js/checkout-cart-Bpmh3EUb.js.gz                       21.19 kB
dist/js/Marketplace-LDpLh1X6.js.br                         24.26 kB
dist/js/PhysicalProductDetail-C1jcJYrL.js.br               24.45 kB
dist/js/StoreTasksList-BxrFmMUU.js.br                      24.66 kB
dist/js/CourseDetail-Cnwy8Zh1.js.br                        25.27 kB
dist/js/PhysicalProductDetail-C1jcJYrL.js.gz               27.89 kB
dist/js/StoreTasksList-BxrFmMUU.js.gz                      27.92 kB
dist/assets/hero-carousel-physical-480-kkZGh5aY.webp       28.08 kB
dist/js/Marketplace-LDpLh1X6.js.gz                         28.49 kB
dist/assets/hero-carousel-courses-480-DjDu9IKd.webp        28.80 kB
dist/js/CourseDetail-Cnwy8Zh1.js.gz                        29.14 kB
dist/assets/hero-carousel-entrepreneur-fURVIB4O.webp       29.40 kB
dist/js/PlatformCustomization-Cfo43FYQ.js.br               29.83 kB
dist/assets/hero-carousel-service-480-sQnLZdsI.webp        30.30 kB
dist/assets/hero-carousel-digital-480-D0FC_Eqq.webp        30.82 kB
dist/js/PlatformCustomization-Cfo43FYQ.js.gz               35.88 kB
dist/js/animations-CAy0eaRy.js.br                          36.89 kB
dist/js/canvas-DXEQVQnt.js.br                              38.34 kB
dist/js/react-big-calendar.esm-BS5Y7e9p.js.br              38.97 kB
dist/js/Store-DQoMD1zT.js.br                               40.61 kB
dist/js/animations-CAy0eaRy.js.gz                          41.19 kB
dist/assets/index-uxWalEj_.css.br                          43.02 kB
dist/assets/hero-carousel-artist-480-DLyuIS2-.webp         43.48 kB
dist/js/react-big-calendar.esm-BS5Y7e9p.js.gz              44.24 kB
dist/js/vendor-supabase-CIS1ha1V.js.br                     45.03 kB
dist/js/index.es-CiwrRwOt.js.br                            45.05 kB
dist/js/vendor-radix-D2FDeT2q.js.br                        46.42 kB
dist/js/vendor-react-CrFF1j-x.js.br                        47.15 kB
dist/js/canvas-DXEQVQnt.js.gz                              47.18 kB
dist/assets/hero-carousel-physical-Bv6P9Hih.webp           49.05 kB
dist/js/Store-DQoMD1zT.js.gz                               49.68 kB
dist/js/index.es-CiwrRwOt.js.gz                            50.85 kB
dist/assets/hero-carousel-courses-CUUIifPF.webp            51.08 kB
dist/assets/hero-carousel-service-D_DMzjJh.webp            51.88 kB
dist/js/vendor-supabase-CIS1ha1V.js.gz                     53.20 kB
dist/assets/hero-carousel-digital-AQXmYCFh.webp            53.50 kB
dist/js/vendor-react-CrFF1j-x.js.gz                        53.59 kB
dist/js/vendor-radix-D2FDeT2q.js.gz                        56.41 kB
dist/assets/index-uxWalEj_.css.gz                          57.03 kB
dist/js/index-C042wLOk.js.br                               65.21 kB
dist/assets/adapt-entrepreneur-BSekoA6C.webp               66.33 kB
dist/js/config-CvwNoJTc.js.br                              68.15 kB
dist/assets/hero-carousel-artist-BCOLivQM.webp             74.48 kB
dist/js/index-C042wLOk.js.gz                               83.18 kB
dist/js/qrcode-Cp2UR-qV.js.br                              86.46 kB
dist/js/config-CvwNoJTc.js.gz                              90.45 kB
dist/js/charts-kMKukw2y.js.br                             104.89 kB
dist/js/qrcode-Cp2UR-qV.js.gz                             109.60 kB
dist/assets/auth-hero-640w-BazKJ03b.webp                  109.91 kB
dist/js/pdf-BXYUusCy.js.br                                115.07 kB
dist/images/emarzona-logo-BXYD_odY.png                    124.78 kB
dist/js/data-processing-dPquAmqy.js.br                    125.20 kB
dist/js/charts-kMKukw2y.js.gz                             130.46 kB
dist/js/pdf-BXYUusCy.js.gz                                136.36 kB
dist/js/data-processing-dPquAmqy.js.gz                    150.00 kB
dist/assets/auth-hero-BozmpzjE.webp                       199.66 kB
dist/js/three-CVBwNcbw.js.br                              218.45 kB
dist/assets/auth-hero-1280w-BK6Qyd1o.webp                 247.76 kB
dist/js/three-CVBwNcbw.js.gz                              265.20 kB
dist/images/adapt-entrepreneur-B_Xgcoeb.png               278.10 kB
dist/images/cta-globe-DIrTKEZo.png                        513.92 kB
dist/assets/ServicesList-CJ8ZUOFZ.css                       1.61 kB
dist/assets/ProductForm-DGgn8C7G.css                        8.73 kB
dist/assets/Dashboard-Cu5cYqqM.css                          9.22 kB
dist/assets/marketplace-premium-CJBZ7oe1.css                9.91 kB
dist/assets/react-big-calendar-BSwzzYnC.css                10.88 kB
dist/assets/index-uxWalEj_.css                            390.59 kB
dist/js/cdn-config-a09-aA7U.js                              0.05 kB
dist/js/order-status-jNzNNM4N.js                            0.05 kB
dist/js/auth-hero-CYMjLiue.js                               0.05 kB
dist/js/cta-globe-CIC_s0_U.js                               0.06 kB
dist/js/adapt-entrepreneur-WSAynpEL.js                      0.07 kB
dist/js/store-sso-BJAmzwhk.js                               0.07 kB
dist/js/hero-carousel-entrepreneur-D_iGqjRE.js              0.08 kB
dist/js/platform-pricing-BkI8sspU.js                        0.09 kB
dist/js/product-description-D_OQC5N5.js                     0.09 kB
dist/js/mobile-BkgVTAh3.js                                  0.10 kB
dist/js/usePlatformLogo-CbvvWYnM.js                         0.10 kB
dist/js/collapsible-oMGgRoDQ.js                             0.11 kB
dist/js/fcfa-D-qIJYLJ.js                                    0.11 kB
dist/js/emarzona-logo-D6X8pJID.js                           0.12 kB
dist/js/MyCoursesRedirect-CZZFgpkO.js                       0.14 kB
dist/js/resolve-order-number-mtcF2-gx.js                    0.16 kB
dist/js/DashboardLayout-BIkXsRGU.js                         0.17 kB
dist/js/useDebounce-YCw6XVza.js                             0.20 kB
dist/js/CheckoutLegacyRedirect-CR45SfoX.js                  0.20 kB
dist/js/checkout-access-xuynZHwL.js                         0.21 kB
dist/js/course-learn-redirect-6VP6tIcT.js                   0.22 kB
dist/js/skeleton-CLB8sAXs.js                                0.22 kB
dist/js/payment-provider-labels-CEV_ip9q.js                 0.24 kB
dist/js/physical-checkout-options-Cq46J5go.js               0.25 kB
dist/js/ProtectedAction-CuHdGmp5.js                         0.25 kB
dist/js/securityUtils-BkzNmjPb.js                           0.25 kB
dist/js/format-currency-B8q-BCU8.js                         0.26 kB
dist/js/use-responsive-modal-CAkCYr-n.js                    0.28 kB
dist/js/SafeHTML-DAefBFL5.js                                0.28 kB
dist/js/notification-pause-0WDBMCVr.js                      0.29 kB
dist/js/hero-carousel-artist-ZahD3rml.js                    0.29 kB
dist/js/order-items-client-BNrUCnFm.js                      0.30 kB
dist/js/pageCustomizationKeys-BiFTtV_j.js                   0.30 kB
dist/js/StoreScopedPageShell-CO_Qq9Cy.js                    0.31 kB
dist/js/use-body-scroll-lock-Xutq8AjO.js                    0.32 kB
dist/js/cart-product-type-nzNq86vO.js                       0.32 kB
dist/js/ai-product-apply-BUrFJtTO.js                        0.33 kB
dist/js/languages-jE4l6fs4.js                               0.35 kB
dist/js/papaparse-loader-DlH-jXYY.js                        0.35 kB
dist/js/EmarzonaInText-h5ITAIau.js                          0.36 kB
dist/js/BreadcrumbSchema-Cbhx_Ywb.js                        0.38 kB
dist/js/pdf-loader-C9GB_jgY.js                              0.39 kB
dist/js/string-utils-BVHtH1so.js                            0.39 kB
dist/js/useSpaceInputFix-TN18dOVW.js                        0.40 kB
dist/js/AnimatedReviewCard-BfXxI-N5.js                      0.41 kB
dist/js/DashboardShellLayout-DNiYwmb3.js                    0.42 kB
dist/js/useAffiliateTracking-Ckq4vT8h.js                    0.43 kB
dist/js/usePlatformStatus-CS5CyHR_.js                       0.43 kB
dist/js/ArtistPublicPageShell-Byc6y9LM.js                   0.43 kB
dist/js/user-purchase-history-CNQg06yh.js                   0.44 kB
dist/js/EmarzonaBrandName-DpirlJwP.js                       0.44 kB
dist/js/useLCPPreload-BreC7vzg.js                           0.44 kB
dist/js/useVisibilityAwarePolling-D_W46LuR.js               0.45 kB
dist/js/BuyerDiscoveryPageLayout-B9-LDSQP.js                0.45 kB
dist/js/WizardStepSuspense-CswTwKA0.js                      0.46 kB
dist/js/AlertCircleIcon-DemAlrMe.js                         0.48 kB
dist/js/progress-mcGTHhLq.js                                0.48 kB
dist/js/defineProperty-YXqD-8Qx.js                          0.49 kB
dist/js/usePremiumReveal-I0mZuWGA.js                        0.49 kB
dist/js/ProductGrid-BZhO8O8o.js                             0.51 kB
dist/js/useScrollAnimation-8ExOHtZK.js                      0.51 kB
dist/js/review-B24tgPFm.js                                  0.54 kB
dist/js/textarea-BeLjMs10.js                                0.54 kB
dist/js/PricingRedirectPage-BX1Qrc27.js                     0.57 kB
dist/js/checkout-route-0tquM-qO.js                          0.60 kB
dist/js/PaymentCancel-cJl47vum.js                           0.62 kB
dist/js/physical-inventory-BPp3oWF5.js                      0.62 kB
dist/js/CrispChat-CdLnu5i4.js                               0.64 kB
dist/js/useProductImageUpload-CV97a40h.js                   0.65 kB
dist/js/FAQSchema-DunSWeOm.js                               0.65 kB
dist/js/physical-plan-display-BKJ5d6Ad.js                   0.66 kB
dist/js/avatar-CpiTguIm.js                                  0.69 kB
dist/js/validation-B6HrNjt7.js                              0.72 kB
dist/js/i18nInstance-C81hCH34.js                            0.75 kB
dist/js/checkbox-BDMs7iy5.js                                0.75 kB
dist/js/WebsiteSchema-L0GfmyOW.js                           0.76 kB
dist/js/ServiceAffiliateSettings-BP8B3Yt7.js                0.77 kB
dist/js/PhysicalAffiliateSettings-CxtKSzV-.js               0.77 kB
dist/js/fedex-rates-client-mwYufS-U.js                      0.78 kB
dist/js/CurrencyRatesInitializer-R5iIUkKv.js                0.78 kB
dist/js/slider-IUjRRtfm.js                                  0.79 kB
dist/js/radio-group-D3KBaOSa.js                             0.83 kB
dist/js/useWishlistToggle-CxA1ofea.js                       0.85 kB
dist/js/play-notification-sound-8POeRlkI.js                 0.86 kB
dist/js/switch-DR00uhNL.js                                  0.86 kB
dist/js/plain-text-content-CyWnsqoi.js                      0.89 kB
dist/js/helpers-C8mdDdKG.js                                 0.89 kB
dist/js/invoke-workflow-BY6SvSC_.js                         0.89 kB
dist/js/webhooks-_tfaZddu.js                                0.91 kB
dist/js/scroll-area-DFhtftkF.js                             0.91 kB
dist/js/ReferralTracker-DDhEUWR1.js                         0.95 kB
dist/js/ReviewReplyForm-rI3XHWmY.js                         0.96 kB
dist/js/ItemListSchema-BR1GxzQe.js                          0.96 kB
dist/js/orders-data-DCO6khhH.js                             0.97 kB
dist/js/NotFound-DGNvdyiO.js                                0.98 kB
dist/js/useCustomers-Bh681uEp.js                            1.01 kB
dist/js/compress-sw8MN94f.js                                1.01 kB
dist/js/TermsOfService-BUFuz3TX.js                          1.02 kB
dist/js/TermsOfSale-DPPS-dat.js                             1.02 kB
dist/js/RefundPolicy-c9H50k6A.js                            1.02 kB
dist/js/PrivacyPolicy-CuWPLfD8.js                           1.02 kB
dist/js/CookiePolicy-DiQjEkOZ.js                            1.02 kB
dist/js/product-create-rpc-D1zdCQnn.js                      1.03 kB
dist/js/LazyRechartsWrapper-ClOTXihQ.js                     1.03 kB
dist/js/useCourseAffiliates-CBbKPH8C.js                     1.04 kB
dist/js/request-order-confirmation-email-DsozkxbS.js        1.04 kB
dist/js/PageBodyContent-B7FSXuxX.js                         1.07 kB
dist/js/accordion-BbEVVrgx.js                               1.09 kB
dist/js/useStorePhysicalPlanLimits-75dh206N.js              1.11 kB
dist/js/usePromotions-CYkHFO69.js                           1.11 kB
dist/js/mobile-table-card-D-pnKwPE.js                       1.13 kB
dist/js/artist-edition-reservation-qVC-xm1H.js              1.14 kB
dist/js/promotion-DGJeLMiU.js                               1.15 kB
dist/js/errors-ByxbcaFC.js                                  1.17 kB
dist/js/clearLegacyLogoCache-CeKQteyN.js                    1.18 kB
dist/js/usePageCustomization-CTHTclnz.js                    1.19 kB
dist/js/tabs-CkWptwyh.js                                    1.20 kB
dist/js/storage-ref-CtM5NbvB.js                             1.21 kB
dist/js/LazyCalendarWrapper-DAoF8SwL.js                     1.21 kB
dist/js/landing-seo-cjRugHId.js                             1.22 kB
dist/js/ReviewStars-OVNY4LTM.js                             1.25 kB
dist/js/AuctionCountdownTimer-4Vj-OC0g.js                   1.26 kB
dist/js/useArtistCertificates-ImBqca54.js                   1.26 kB
dist/js/lazy-image-CIVh2euw.js                              1.27 kB
dist/js/countdown-timer-C-EKx2qn.js                         1.32 kB
dist/js/useEmail-ScFdcT5q.js                                1.36 kB
dist/js/currency-select-BvKonTfA.js                         1.42 kB
dist/js/popover-B7rQAoVV.js                                 1.46 kB
dist/js/mobile-form-field-Dc7BLh_M.js                       1.47 kB
dist/js/referral-helpers-ChfkEuLr.js                        1.50 kB
dist/js/useAuditLogs-COhGTcBA.js                            1.52 kB
dist/js/edit-save-validation-Q3UXienE.js                    1.52 kB
dist/js/DynamicFavicon-CpBz3g-i.js                          1.53 kB
dist/js/ai-blog-generator-BttmlvGa.js                       1.54 kB
dist/js/CustomerMyGiftCardsPage-Di-g5zXa.js                 1.55 kB
dist/js/currencies-LJGcby12.js                              1.59 kB
dist/js/accessibility-CAZ7yrXN.js                           1.59 kB
dist/js/useEmarzonaProtect-DSL7V4FG.js                      1.61 kB
dist/js/pagination-C0sEdMR-.js                              1.62 kB
dist/js/auth-rate-limiter-CB7EPIhM.js                       1.64 kB
dist/js/usePlatformSettingsDirect-65BfJ7PA.js               1.65 kB
dist/js/useStoreSso-CuSJYVQN.js                             1.66 kB
dist/js/url-validator-DY_CVwvz.js                           1.66 kB
dist/js/NotificationSettings-DcAH6LK2.js                    1.67 kB
dist/js/table-O1PVPiYY.js                                   1.70 kB
dist/js/PhysicalWhatsAppContactConfig-Cfu2VQPh.js           1.70 kB
dist/js/supabase-rpc-DtXrYQFm.js                            1.71 kB
dist/js/highlightText-WO5wN1UL.js                           1.72 kB
dist/js/artist-collection-resolve-CslRLOYh.js               1.76 kB
dist/js/usePhysicalProducts-CQjWp9wW.js                     1.76 kB
dist/js/AutoSEO-BN66I9AI.js                                 1.77 kB
dist/js/form-DKXnQlBk.js                                    1.77 kB
dist/js/ServiceSEOAndFAQs-CVjzhcF4.js                       1.78 kB
dist/js/PhysicalSEOAndFAQs-8zvKWENN.js                      1.79 kB
dist/js/platformBlogPageConfig-BoVRrQpD.js                  1.80 kB
dist/js/CustomerMyReturns-CkDUGcuu.js                       1.90 kB
dist/js/apm-monitoring-kNZ7qQI-.js                          1.96 kB
dist/js/useLicenses-BYol1s7s.js                             1.97 kB
dist/js/FormErrorBoundary-DrqoAseq.js                       1.99 kB
dist/js/moneroo-error-extractor-BzV9IPh2.js                 2.14 kB
dist/js/order-message-notifications-D9iZbs_o.js             2.15 kB
dist/js/AdminFeatureFlags-Capht7Pk.js                       2.16 kB
dist/js/platformFaqPageConfig-C1EagM20.js                   2.19 kB
dist/js/EmailDashboardLayout-CDatdHVf.js                    2.20 kB
dist/js/storeFooterCustomization-CwJte455.js                2.22 kB
dist/js/ProductSchema-mcpp9Gdw.js                           2.22 kB
dist/js/product-image-upload-D0e-PGAy.js                    2.25 kB
dist/js/useServiceProductAddons-BHnCCFFU.js                 2.26 kB
dist/js/i18n-service-3Ke__Rbe.js                            2.28 kB
dist/js/useLegal-CjE-4lYe.js                                2.30 kB
dist/js/useArtworkProvenance-Bwgq452h.js                    2.33 kB
dist/js/auction-winner-checkout-FvXQ3ZJB.js                 2.34 kB
dist/js/PlatformLegalPageShell-iF3iweUj.js                  2.39 kB
dist/js/AdminPlatformIntegrations-D_uOdP9J.js               2.40 kB
dist/js/currency-converter-CRR0Wcsf.js                      2.40 kB
dist/js/EditionLimitedBadge-prYrjUpd.js                     2.41 kB
dist/js/useStylePreferences-Dm4ry0XQ.js                     2.43 kB
dist/js/ShortLinkRedirect-BDRS1V1q.js                       2.43 kB
dist/js/OrderTimeline-kN2rXAGl.js                           2.49 kB
dist/js/FeaturesGridSection-pE-td0kA.js                     2.50 kB
dist/js/PaginationControls-BsyO2br0.js                      2.51 kB
dist/js/useCourseDetail-DCPRDkjU.js                         2.51 kB
dist/js/SellWaysSection-CoGsR8VM.js                         2.56 kB
dist/js/cache-invalidation-D1w6tcY8.js                      2.58 kB
dist/js/refund-payment-vVF3rwdz.js                          2.59 kB
dist/js/digital-product-updates-BVJTlR2q.js                 2.65 kB
dist/js/AffiliateLinkTracker-JZ67a0RN.js                    2.67 kB
dist/js/useProductAffiliateSettings-BYUm8DJp.js             2.69 kB
dist/js/sheet-Dre9km5h.js                                   2.71 kB
dist/js/email-preferences-service-bkH9tZfb.js               2.73 kB
dist/js/SameStoreProductsSection-Cuj-l7am.js                2.73 kB
dist/js/VendorProductsListGate-hSyULx3E.js                  2.75 kB
dist/js/unified-webhook-service-BXLuWm3Z.js                 2.76 kB
dist/js/platformMarketingPagesConfig-ZVl9kZ2S.js            2.77 kB
dist/js/PhysicalInventoryConfig-qKLAG02O.js                 2.77 kB
dist/js/ArtistTypeSelector-DIFVOQsZ.js                      2.80 kB
dist/js/BottomNavigation-CsUAinMc.js                        2.84 kB
dist/js/rate-limiter-CPal9j1r.js                            2.85 kB
dist/js/alert-dialog-QH2qYcTd.js                            2.90 kB
dist/js/paypal-commerce-client-f-0zJ1wi.js                  2.92 kB
dist/js/ResponsiveProductImage-D7qqCzyG.js                  2.93 kB
dist/js/useOrders-DSOUWWO-.js                               2.94 kB
dist/js/SecureDownloadPage-dTBJrKFH.js                      2.95 kB
dist/js/useWishlistShare-CA-UOIDv.js                        2.96 kB
dist/js/footerLinksConfig-DcIGRlCa.js                       2.96 kB
dist/js/GuestOrderConfirmation-BFKx50Va.js                  2.96 kB
dist/js/PlatformPopupMessage-usqbjn_m.js                    3.02 kB
dist/js/moneroo-rate-limiter-KPQElnnr.js                    3.03 kB
dist/js/StoreVerticalOnboarding-ByXDtHuA.js                 3.03 kB
dist/js/useCourseAnalytics-pMBlnfUj.js                      3.04 kB
dist/js/PerformanceOptimizer-CxmBpA8M.js                    3.08 kB
dist/js/rate-limiter-FrHpcscW.js                            3.13 kB
dist/js/AdaptSection--v0ZLUX7.js                            3.13 kB
dist/js/useKYC-Chdj9uFo.js                                  3.15 kB
dist/js/InventoryStockIndicator-BPY5LhcA.js                 3.16 kB
dist/js/course-wizard-steps-AnlngjfH.js                     3.18 kB
dist/js/product-transform-DiD-6QsB.js                       3.19 kB
dist/js/useTaxConfigurations--SGchPO4.js                    3.19 kB
dist/js/dialog-Bw5Uh5lx.js                                  3.22 kB
dist/js/monitoring-enhanced-CxOGDasZ.js                     3.23 kB
dist/js/PlatformMarketingPage-BijSSvkb.js                   3.24 kB
dist/js/bottom-sheet-Df318tdp.js                            3.24 kB
dist/js/platformLegalPagesConfig-1m0T86I3.js                3.28 kB
dist/js/CheckoutPage-DgleuAD8.js                            3.32 kB
dist/js/useProducts-BdAXvvlf.js                             3.32 kB
dist/js/ProductManagementActions-5hPdT_37.js                3.32 kB
dist/js/vendor-message-notifications-ywLUS_jG.js            3.35 kB
dist/js/inventory-export-CJQRM_3y.js                        3.38 kB
dist/js/useReturns-WEHNy2d1.js                              3.41 kB
dist/js/notificationTriggers-D49xfdkm.js                    3.50 kB
dist/js/useMarketplaceFavorites-BfXvBpL7.js                 3.51 kB
dist/js/useStores-Cd0eA_bo.js                               3.54 kB
dist/js/artist-shipping-BlGQKeeG.js                         3.54 kB
dist/js/BarcodeScanner-IvNP4qoz.js                          3.55 kB
dist/js/digital-wizard-steps-DnICj3tZ.js                    3.58 kB
dist/js/DataProcessingAgreement-D-xwGgtz.js                 3.61 kB
dist/js/useInventory-CobCTxQ-.js                            3.66 kB
dist/js/PremiumHeroCarousel-bmvf86jp.js                     3.67 kB
dist/js/performance-monitor-DIzaD_eW.js                     3.72 kB
dist/js/MyTasks-BO3vQZqk.js                                 3.73 kB
dist/js/PixelsInit-CCoZ-yBk.js                              3.76 kB
dist/js/useReturns-BkcXvhZw.js                              3.78 kB
dist/js/enhance-image-client-CgxVx8iH.js                    3.86 kB
dist/js/admin-broadcast-service-DzU8V5NY.js                 3.86 kB
dist/js/storage-ref-DyWUjv3A.js                             3.90 kB
dist/js/SEOMeta-DhQ4l3Wc.js                                 3.92 kB
dist/js/useTranslation-DUstyfEp.js                          3.92 kB
dist/js/PhysicalCheckoutOptionsForm-aJhqaz5p.js             3.93 kB
dist/js/StoreSsoLoginPage-CX_uud4e.js                       3.93 kB
dist/js/validation-utils-CaodXopt.js                        3.93 kB
dist/js/Artwork3DViewer-BaUSeviP.js                         3.95 kB
dist/js/dropdown-menu-BQ9pX4C3.js                           3.96 kB
dist/js/EmarzonaProtectPage-Cj2XtlYa.js                     4.01 kB
dist/js/AdminAdvancedTools-DKd_Jpf4.js                      4.02 kB
dist/js/ReviewsList-5BJ76fi3.js                             4.02 kB
dist/js/PhysicalProductShippingDetails-Bwyc1zZZ.js          4.04 kB
dist/js/service-wizard-steps-Qy7Jf6La.js                    4.05 kB
dist/js/PricingModelBadge-C8d8IJzp.js                       4.06 kB
dist/js/WorkflowTriggerEditor-CAFFv_MB.js                   4.06 kB
dist/js/PhysicalStoreOnboarding-CbRkG7JE.js                 4.09 kB
dist/js/ArtistShippingConfig-CBxdLnAN.js                    4.16 kB
dist/js/SharedWishlist-Dys_MkIw.js                          4.16 kB
dist/js/StoresMarqueeSection-CzEIjYwz.js                    4.16 kB
dist/js/useLiveSessions-ClBlmb0Y.js                         4.17 kB
dist/js/CollectionsPage-KIATaDnV.js                         4.19 kB
dist/js/PhysicalShippingConfig-CgjpIVU5.js                  4.26 kB
dist/js/useAnalytics-CZtcmaUl.js                            4.34 kB
dist/js/useShippingServiceMessaging-j2YhrFzC.js             4.35 kB
dist/js/CurrenciesMarqueeSection-j4vfSdM3.js                4.37 kB
dist/js/StatusPage-D7xOuDSl.js                              4.46 kB
dist/js/physical-wizard-steps-IDDw6OvT.js                   4.49 kB
dist/js/LazyImage-BBaZs3lz.js                               4.50 kB
dist/js/useAdminActions-DEQ6QHHv.js                         4.52 kB
dist/js/CountriesMarqueeSection-DQn9mbuH.js                 4.54 kB
dist/js/usePriceStockAlerts-CVV_lViN.js                     4.54 kB
dist/js/ArtworkProvenanceDisplay-DJ-kucIE.js                4.55 kB
dist/js/ReviewForm-Bh1bA6As.js                              4.60 kB
dist/js/DigitalDownloadButton-xTNljQJc.js                   4.69 kB
dist/js/useServiceWaitlist-Chzi6zC2.js                      4.70 kB
dist/js/ImageStudioPage-BVcqVUj2.js                         4.70 kB
dist/js/PhysicalVariantsBuilder-Dq6X4v6y.js                 4.71 kB
dist/js/CreateProtectClaimPage-BsvQXat9.js                  4.75 kB
dist/js/ArtistCertificateDisplay-DS2VUJoJ.js                4.80 kB
dist/js/CollectionsGallery-g-KRCCjD.js                      4.81 kB
dist/js/useWizardServerValidation-DKy7LYFN.js               4.83 kB
dist/js/ServiceStaffResourcesForm-CR-esdG2.js               4.87 kB
dist/js/AdminSubscriptions-fd8NnA-P.js                      4.89 kB
dist/js/CreateCourse-BnY6Xc6N.js                            4.97 kB
dist/js/AdminSupport-DqLCGVLH.js                            4.98 kB
dist/js/server-validation-CLXBtOgc.js                       5.01 kB
dist/js/cross-type-bundle-store-BUBu3OQT.js                 5.05 kB
dist/js/VerifyCertificatePage-2y-ieNVL.js                   5.10 kB
dist/js/useAssignments-7YnYwjOK.js                          5.12 kB
dist/js/CustomerArtistPortal-Ck1qGQJ8.js                    5.13 kB
dist/js/StoreLegalPage-CZlEHMOG.js                          5.22 kB
dist/js/CartEmpty-DF77PWjP.js                               5.24 kB
dist/js/LanguageSwitcher-CWFMkt_9.js                        5.28 kB
dist/js/useEmailSegments-DGHcg1ZB.js                        5.28 kB
dist/js/Require2FABanner-BR30BOhV.js                        5.30 kB
dist/js/centralized-validation-Bp_5HGGo.js                  5.32 kB
dist/js/AdvancedCalendarPage-DlE096D7.js                    5.34 kB
dist/js/UnsubscribePage-DMzOSz-c.js                         5.39 kB
dist/js/useArtistPortfolios-4OnttgVV.js                     5.42 kB
dist/js/useAdvancedCohorts-BHQEleZ_.js                      5.42 kB
dist/js/CookieConsentBanner-CbmxYxqT.js                     5.49 kB
dist/js/useFileUpload-Dc4gWtoJ.js                           5.50 kB
dist/js/FinalCtaSection-CZTxCaA9.js                         5.64 kB
dist/js/useGamification-Beq7wpJc.js                         5.72 kB
dist/js/ServiceDurationAvailabilityForm-VIHXxVu1.js         5.74 kB
dist/js/ServiceAddonsPage-DG8HaL0o.js                       5.74 kB
dist/js/useDigitalBundles-ChLwXnIi.js                       5.75 kB
dist/js/useDownloads-C5Gwovq9.js                            5.81 kB
dist/js/useProductRecommendations-CqgQfqxW.js               5.91 kB
dist/js/AIChatbot-DUr88HOZ.js                               5.96 kB
dist/js/AdminSecurity-SkBnCTJi.js                           6.02 kB
dist/js/mobile-money-operators-BHNIQ6Ww.js                  6.11 kB
dist/js/wizard-validation-D4LjIpbK.js                       6.20 kB
dist/js/ServicePricingOptionsForm-Bk4v5goD.js               6.22 kB
dist/js/PriceStockAlertButton-DXiBLOLM.js                   6.24 kB
dist/js/CourseFAQForm-BdLXwbUm.js                           6.29 kB
dist/js/PWAInstallPrompt-Bv9rIJEp.js                        6.31 kB
dist/js/DigitalLicenseConfig-C_DvChfF.js                    6.34 kB
dist/js/CoursesCatalog-DVwsK1EN.js                          6.41 kB
dist/js/AdminApiKeys-OJeR-T-t.js                            6.44 kB
dist/js/CustomerMyBookings-DF3sf_zB.js                      6.45 kB
dist/js/OptimizedImage-BlFdw80t.js                          6.46 kB
dist/js/ProductStatisticsDisplaySettings-vlWIQU6e.js        6.55 kB
dist/js/useAffiliateLinks-Bc1RLYA0.js                       6.58 kB
dist/js/NotificationExperienceSettings-BzzTeHBN.js          6.68 kB
dist/js/PageSEOConfig-C8jtI7DP.js                           6.69 kB
dist/js/webhook-system-BhT-x0Ai.js                          6.69 kB
dist/js/PhysicalPreview-Co3B38zK.js                         6.69 kB
dist/js/export-utils-DocNDKLW.js                            6.71 kB
dist/js/ArtistShippingCalculator-CkOUqGxm.js                6.71 kB
dist/js/useDisputes-DyAhIHIm.js                             6.73 kB
dist/js/AdminVendorBilling-DWsmH9oM.js                      6.77 kB
dist/js/PremiumNav-C03XhTcb.js                              6.77 kB
dist/js/countries-CsNUHkRY.js                               6.82 kB
dist/js/AdminActivity-vJ2Okosn.js                           6.83 kB
dist/js/usePayments-CZ38z5Nj.js                             6.87 kB
dist/js/I18nTest-AoR9PQ0R.js                                6.91 kB
dist/js/product-categories-DEq26bB2.js                      6.91 kB
dist/js/resend-CRH-YQoM.js                                  6.92 kB
dist/js/AdminKYC-Bvhf9xP0.js                                6.92 kB
dist/js/ArtistWorksCatalog-Bs8Tilrs.js                      6.93 kB
dist/js/moneroo-notifications-k9BbsNfi.js                   6.94 kB
dist/js/image-upload-BMVT3lUI.js                            6.95 kB
dist/js/PricingSection-CzLu8so9.js                          6.98 kB
dist/js/CreateBundle-DWFrGVDs.js                            7.04 kB
dist/js/user-friendly-errors-BDGP9Rci.js                    7.05 kB
dist/js/BlogArticleEngagement-kbq5YDHB.js                   7.08 kB
dist/js/ServicesList-D55hwKac.js                            7.08 kB
dist/js/AdminDomains-I-lkRUgC.js                            7.09 kB
dist/js/SellerCoursesList-CXaChThO.js                       7.09 kB
dist/js/BundleDetail-20SnfhAG.js                            7.18 kB
dist/js/CustomerMyGiftCards-DYY9dedk.js                     7.26 kB
dist/js/PromotionsStatsPage-CbFDPIoj.js                     7.29 kB
dist/js/DigitalFilesUploader-P-ib_-lS.js                    7.35 kB
dist/js/DigitalPreview-CNxd5hd0.js                          7.41 kB
dist/js/MarketplaceHeader-B3ToYuDO.js                       7.44 kB
dist/js/AdminRecommendationInsights-B6RLM_KF.js             7.44 kB
dist/js/AdminNewsletterSubscribers-Dp8uY0Uz.js              7.45 kB
dist/js/email-analytics-service-C2XfrnQD.js                 7.49 kB
dist/js/SellerArtistProductsList-DDEw2cAm.js                7.56 kB
dist/js/PlatformBlogPage-gAg_WBKZ.js                        7.57 kB
dist/js/moneroo-client-CsWHlEBq.js                          7.61 kB
dist/js/CourseAdvancedConfig-CC_f_gYV.js                    7.61 kB
dist/js/Marketing-DQmT4aJu.js                               7.63 kB
dist/js/PlatformFaqPage-DTWcGZyO.js                         7.69 kB
dist/js/ProductTemplateSelector-D3yRLISE.js                 7.74 kB
dist/js/useDigitalAnalytics-CHMkSVEr.js                     7.79 kB
dist/js/useAdvancedLoyalty-BB7nPBWZ.js                      7.80 kB
dist/js/CollectionDetail-DP8ftbUC.js                        7.84 kB
dist/js/DigitalProductVersionsManagement-ByHvRmz8.js        7.90 kB
dist/js/Cart-OeGsP4pN.js                                    7.91 kB
dist/js/AuctionsListPage-DUrX1acB.js                        7.97 kB
dist/js/useProductAnalytics-BNxJgbBy.js                     7.99 kB
dist/js/DigitalAffiliateSettings-D9EuPGMJ.js                8.01 kB
dist/js/PaymentOptionsForm-WyLR9Gcx.js                      8.01 kB
dist/js/AdminStores-VlLZCGSr.js                             8.17 kB
dist/js/useAIRecommendations-hZJVKoZB.js                    8.21 kB
dist/js/ServiceManagementPage-BlbwpuGg.js                   8.27 kB
dist/js/ProductSEOForm-BwyUIKxm.js                          8.29 kB
dist/js/PhysicalSubscriptionRequired-BvpIsaUZ.js            8.30 kB
dist/js/ServicePreview-DUFFAbEf.js                          8.31 kB
dist/js/CommunityPage-DQ8k5Hri.js                           8.32 kB
dist/js/SEOAnalyzer-iUkbbJ8M.js                             8.34 kB
dist/js/PremiumFooter-BwN1YMcb.js                           8.43 kB
dist/js/CameraCapture-dVvX2c2J.js                           8.47 kB
dist/js/AIContentGenerator-DszegjzT.js                      8.48 kB
dist/js/EmailAnalyticsPage-BK8zV3ma.js                      8.56 kB
dist/js/select-DiHmVKsT.js                                  8.59 kB
dist/js/StoreFooter-DZ0tUU3_.js                             8.60 kB
dist/js/ProductFAQForm-BYAeZuW4.js                          8.62 kB
dist/js/AuctionsWatchlistPage-CFa6IzQT.js                   8.64 kB
dist/js/DigitalProductsCompare-CC1ZDkR0.js                  8.68 kB
dist/js/AdminReferrals-CAjLqlQf.js                          8.71 kB
dist/js/PayBalance-CalWLXOg.js                              8.72 kB
dist/js/CreateProduct-B9b76-8F.js                           8.88 kB
dist/js/CoursePixelsConfig-XjxFvZnu.js                      9.02 kB
dist/js/MonerooReconciliation-CIRaB7qf.js                   9.09 kB
dist/js/TransactionMonitoring-BjU_V2aw.js                   9.13 kB
dist/js/PlatformRevenue-BPU-oYPG.js                         9.33 kB
dist/js/useMarketplaceProducts-C_rgn6R1.js                  9.42 kB
dist/js/PhysicalBasicInfoForm-BYTjLF-V.js                   9.45 kB
dist/js/PhysicalCheckoutMethodBadge-D1Oy9feI.js             9.48 kB
dist/js/KYC-Bn06_FV3.js                                     9.51 kB
dist/js/AdminProducts-CG5rIEU-.js                           9.51 kB
dist/js/AdminCourses-DZOpc0CE.js                            9.53 kB
dist/js/ArtistSpecificForms-ByKHyBsk.js                     9.55 kB
dist/js/CreateVersionDialog-CewcKJRX.js                     9.55 kB
dist/js/CrossTypeBundlesPage-DHbAIXIk.js                    9.55 kB
dist/js/guest-order-confirmation-BkMROKM3.js                9.63 kB
dist/js/AdminAccessibilityReport-v6FNvf3n.js                9.71 kB
dist/js/AdminAudit-Brwabbfs.js                              9.72 kB
dist/js/ShippingServiceMessages-D0p15k37.js                 9.75 kB
dist/js/MultiStoreCheckoutTracking-n_gFvta3.js              9.75 kB
dist/js/AdminLayout-DKAfKDhc.js                             9.82 kB
dist/js/AdminPayments-DS0RG7R7.js                           9.86 kB
dist/js/AdminSettings-zDdwF0JT.js                           9.91 kB
dist/js/FeaturesSection-By-yGKws.js                         9.91 kB
dist/js/es-Q2socLdv.js                                      9.91 kB
dist/js/CourseSEOForm-BmhPdp8j.js                           9.94 kB
dist/js/pt-GVWT0H1w.js                                      9.95 kB
dist/js/ResourceConflictDetector-nU0mV0A7.js                9.97 kB
dist/js/de-qyZcfJJA.js                                      9.99 kB
dist/js/ProductFeatureTest-DGrIPURE.js                     10.02 kB
dist/js/CourseAffiliateSettings-dKCC-Rs1.js                10.12 kB
dist/js/uploadToSupabase-Bvwdq0Va.js                       10.14 kB
dist/js/ArtistAuthenticationConfig-gp1tKjS-.js             10.47 kB
dist/js/ImageStudioField-QLdzpsem.js                       10.48 kB
dist/js/AdminShipping-CV-4SfAg.js                          10.56 kB
dist/js/ProductAffiliateSettings-CgN4BZFU.js               10.56 kB
dist/js/EditProduct-BsNZ2X5A.js                            10.56 kB
dist/js/useCart-BbSCgOdY.js                                10.58 kB
dist/js/useArtistAuctions-BsYNyCQa.js                      10.67 kB
dist/js/useMessaging-BpwoeP9E.js                           10.74 kB
dist/js/ServiceCalendarManagement-UA-Xshep.js              10.78 kB
dist/js/unified-notifications-JEwzB7Gf.js                  10.80 kB
dist/js/ArtistPreview-CH6HWMLI.js                          10.91 kB
dist/js/AdminFulfillmentAlerts-DcLYoHdh.js                 10.95 kB
dist/js/ProductReviewsSummary-_jLOtixZ.js                  11.00 kB
dist/js/MyDownloads-B_SMBszf.js                            11.04 kB
dist/js/Discover-CcIxIeYK.js                               11.07 kB
dist/js/CartEnhanced-DD50FGew.js                           11.08 kB
dist/js/AdminOrders-b_gAdFh-.js                            11.11 kB
dist/js/AdminInventory-C4rOlLeq.js                         11.14 kB
dist/js/useDigitalProducts-jTUyLcTP.js                     11.25 kB
dist/js/PromotionScopeSelector-DXoHza-z.js                 11.32 kB
dist/js/ProductCreationWizard-BFf-gR43.js                  11.33 kB
dist/js/PaymentSuccess-CsFdz2cp.js                         11.53 kB
dist/js/landingPremiumCustomization-CkphqrL4.js            11.57 kB
dist/js/Recommendations-D0B7_9L3.js                        11.65 kB
dist/js/AdminErrorMonitoring-BoZPu2GQ.js                   11.68 kB
dist/js/CourseAffiliate-BNI8QqsM.js                        11.74 kB
dist/js/AdminVendorConversations-9cSIMkD9.js               11.83 kB
dist/js/ProductCustomFieldsTab-DgnUug8W.js                 11.85 kB
dist/js/ProductFilesTab-CnK4Zojy.js                        11.85 kB
dist/js/ServiceBasicInfoForm-By-_IsqO.js                   11.91 kB
dist/js/AdminMonitoring-CY4lC7Ev.js                        11.96 kB
dist/js/AuctionsManagementPage-H0giuprg.js                 12.03 kB
dist/js/PlatformBlogArticlePage-CaV21ig8.js                12.06 kB
dist/js/import-export-ZWLH0R92.js                          12.10 kB
dist/js/StoreThemeProvider-CZbPLdb3.js                     12.10 kB
dist/js/AuctionDetailPage-BRKPJiv5.js                      12.17 kB
dist/js/ServiceWaitlistManagementPage-C0nI7M0L.js          12.21 kB
dist/js/CreatePromotionDialog-BHooeri9.js                  12.22 kB
dist/js/useAdvancedPayments-BJjkNbDc.js                    12.27 kB
dist/js/AbandonedCartsManagement-C_Ayxg5p.js               12.41 kB
dist/js/AdminTaxManagement-w-YUbBWT.js                     12.52 kB
dist/js/MediaAttachment-BV14j6Gx.js                        12.74 kB
dist/js/fr-CfBEla47.js                                     12.75 kB
dist/js/SEOMetaInspector-DwrDlN3p.js                       12.86 kB
dist/js/useAffiliateWithdrawals-DyAS218i.js                12.88 kB
dist/js/MyLicenses-D3NrXxFA.js                             12.95 kB
dist/js/AdminSales-q8MMq07l.js                             13.03 kB
dist/js/AdminAnalytics-DV7F11rX.js                         13.04 kB
dist/js/artist-product-validators-_6li0pQF.js              13.12 kB
dist/js/Landing-C20uS6SO.js                                13.12 kB
dist/js/AdminDashboard-DAKFvXrt.js                         13.12 kB
dist/js/payment-service-TyqaW772.js                        13.15 kB
dist/js/CustomerLoyaltyPage-lhtxxPV1.js                    13.29 kB
dist/js/LicenseManagement-DoWDs5Jz.js                      13.31 kB
dist/js/HorizontalContextNav-jNVOI0PA.js                   13.36 kB
dist/js/MyDownloads-6EEU-tQS.js                            13.50 kB
dist/js/CohortDetailPage-D8jFZKNO.js                       13.54 kB
dist/js/DigitalBundlesManagement-CScWHWgL.js               13.56 kB
dist/js/CohortsManagementPage-DmJQdPnQ.js                  13.66 kB
dist/js/ProductsCompare-Cmgi43x5.js                        13.82 kB
dist/js/RecurringBookingsManagement-Bs0pI1bd.js            14.03 kB
dist/js/EditGenericProductWizard-_l4oOiSh.js               14.04 kB
dist/js/Trending-CZY7WclP.js                               14.13 kB
dist/js/DigitalProductsSearch-BHmrFbAe.js                  14.27 kB
dist/js/TemplateSelector-QwGUQopZ.js                       14.31 kB
dist/js/AutomaticTrackingButton-DCUVj_67.js                14.37 kB
dist/js/HistoryBasedRecommendations-o7ZaD5o6.js            14.37 kB
dist/js/StaffCard-BPRtpvwk.js                              14.39 kB
dist/js/PaymentConnectionsPage-D5Evh7bp.js                 14.39 kB
dist/js/AdminCommissionPayments-CDP7mTUK.js                14.48 kB
dist/js/command-C_rdElsI.js                                14.62 kB
dist/js/PersonalizedRecommendationsPage-Cx3TWk8i.js        14.62 kB
dist/js/DisputeDetail-D3DYNgFQ.js                          14.73 kB
dist/js/useLoyalty-TIECMUru.js                             14.75 kB
dist/js/CustomDomainManagement-C3l0YihQ.js                 14.78 kB
dist/js/AdminTransactionReconciliation-BW8ACwS6.js         14.90 kB
dist/js/MonerooAnalytics-CcRcDBeU.js                       15.04 kB
dist/js/BookingRemindersManagementPage-CrQc679i.js         15.04 kB
dist/js/StorePhysicalBilling-743d7-q1.js                   15.15 kB
dist/js/ReviewsManagement-B74uJsVd.js                      15.22 kB
dist/js/MyCourses-BvwZmw1T.js                              15.48 kB
dist/js/useAffiliateCommissions-BfjwdYx8.js                15.62 kB
dist/js/ProductSeoTab-GyKXW7Uu.js                          15.62 kB
dist/js/DigitalProductCard-DbB0m_AN.js                     15.69 kB
dist/js/moneroo-payment-DGGpfXDn.js                        15.73 kB
dist/js/DigitalBundleManager-DI1cWviK.js                   15.75 kB
dist/js/AnalyticsDashboardsManagement-IThR27mw.js          16.02 kB
dist/js/ProductVisualTab-BPKJ4Zq6.js                       16.07 kB
dist/js/OrderMessaging-BPqbcvA5.js                         16.12 kB
dist/js/PaymentManagement-CmDbYsDU.js                      16.18 kB
dist/js/ContactShippingService-CtJSn-91.js                 16.51 kB
dist/js/CourseGamificationDashboard-DqYIj81D.js            16.52 kB
dist/js/AdminPlatformFaq-FDPi6pfr.js                       16.52 kB
dist/js/StaffAvailabilityManager-CWHokEd-.js               16.53 kB
dist/js/useReviews-6kWm_gYy.js                             16.57 kB
dist/js/seo-DrJMihh-.js                                    16.63 kB
dist/js/CourseCurriculumBuilder-D7NoKPxS.js                16.64 kB
dist/js/PaymentMethods-Da2WbKe_.js                         16.65 kB
dist/js/InventoryAnalytics-DJHxlBHe.js                     16.73 kB
dist/js/StorageDiagnosticPage-Bx9yNd0R.js                  16.77 kB
dist/js/IntegrationsSection-VFRuhV1Q.js                    16.79 kB
dist/js/AdminCommissionSettings-D2hURK8Z.js                16.83 kB
dist/js/RecurringBookingsPage-wJGivEQl.js                  16.96 kB
dist/js/CouponsManagement-Vr_bOQ43.js                      17.14 kB
dist/js/platformFooterPageDefaults-CEYnASA1.js             17.16 kB
dist/js/StyleQuizPage-BHE55i6A.js                          17.22 kB
dist/js/EditCourseProductWizard-B3cipj_W.js                17.31 kB
dist/js/SmartImage-Bqy233XM.js                             17.40 kB
dist/js/LazyCharts-BTRpo7GY.js                             17.81 kB
dist/js/AdminDemandForecasting-BuLWnW-v.js                 17.87 kB
dist/js/TaxManagement-BvbjdsdI.js                          17.90 kB
dist/js/CalendarIntegrationsPage-B8GpV0OQ.js               17.99 kB
dist/js/LiveSessionsManagement-Bh1_qgID.js                 18.14 kB
dist/js/SellerPhysicalBarcodeScanner-CpAB3ACJ.js           18.17 kB
dist/js/DemandForecasting-BF27m_wK.js                      18.27 kB
dist/js/EditArtistProductWizard-DNSnqkKx.js                18.39 kB
dist/js/NotificationsManagement-6SSJrfQS.js                18.60 kB
dist/js/PayBalanceList-CUbHFSta.js                         18.64 kB
dist/js/PriceStockAlerts-B6oCx3nV.js                       18.77 kB
dist/js/EmailTagsManagementPage-Bm5rnLL9.js                18.82 kB
dist/js/MarketingAutomationDashboard-vlLcZWT6.js           18.83 kB
dist/js/AdminShippingConversations-_xA24u3L.js             18.89 kB
dist/js/EmailSegmentsPage-BdOYazvv.js                      18.97 kB
dist/js/AdminReturnManagement-DL_BqaBL.js                  19.02 kB
dist/js/EditServiceProductWizard-_UhYHlos.js               19.04 kB
dist/js/PaymentManagementList-JBp7R_aq.js                  19.22 kB
dist/js/SellerPhysicalPreOrders-BCTA-pSq.js                19.24 kB
dist/js/useBookings-B41SPHnm.js                            19.28 kB
dist/js/ArtistPortfoliosManagement-BKh_nkyZ.js             19.43 kB
dist/js/CustomerWarranties-BQtUZqNp.js                     19.66 kB
dist/js/AdminCommunity-DdJ0RJUN.js                         19.75 kB
dist/js/ProductPixelsTab-BdvzlRo9.js                       19.89 kB
dist/js/ProductForm-BqakBQSW.js                            19.94 kB
dist/js/SuppliersManagement-CRtU60cl.js                    20.18 kB
dist/js/Promotions-DRCTV5MD.js                             20.32 kB
dist/js/ArtistBasicInfoForm-Cde6UHQA.js                    20.33 kB
dist/js/MyProfile-l75EPBJP.js                              20.36 kB
dist/js/PhysicalProductsLotsManagement-2kyvw5jw.js         20.43 kB
dist/js/ProductVariantsTab-CZ3veI1W.js                     20.54 kB
dist/js/AdvancedServiceCalendar-BLqVMrBF.js                20.72 kB
dist/js/ProductDescriptionTab-BFIBMTPx.js                  20.79 kB
dist/js/DigitalBasicInfoForm-C1kN5WAg.js                   21.07 kB
dist/js/AdminStoreWithdrawals-BDN-tb1m.js                  21.11 kB
dist/js/PhysicalSizeChartSelector-DCF0fClS.js              21.13 kB
dist/js/SellerGiftCardManagement-1YXjJ77M.js               21.26 kB
dist/js/utils-BqxLU5bf.js                                  21.27 kB
dist/js/ReturnsTab-OoBU0cjU.js                             21.32 kB
dist/js/CourseBasicInfoForm-DP4Aemxp.js                    21.47 kB
dist/js/ShippingRatesManager-BOigiU29.js                   21.53 kB
dist/js/EmailTemplateEditorPage-B5QIDQBg.js                21.72 kB
dist/js/AISettingsPage-Bj0Yeu45.js                         21.91 kB
dist/js/EditDigitalProductWizard-BNlZDnkJ.js               21.94 kB
dist/js/SellerPhysicalMultiCurrency-jpTioYkX.js            21.96 kB
dist/js/ResourceConflictManagement-D62J9hp_.js             22.01 kB
dist/js/WithdrawalsFilters-dU6hvlLE.js                     22.23 kB
dist/js/CustomerMyInvoices-D9vdalbj.js                     22.48 kB
dist/js/DigitalProductAnalytics-HX7Sbj23.js                22.90 kB
dist/js/Customers-D4oYfSGh.js                              22.95 kB
dist/js/EditPhysicalProductWizard-B1YSXEyR.js              22.95 kB
dist/js/AdvancedDashboard-Bj-L1gSy.js                      23.17 kB
dist/js/ProductPromotionsTab-CHz9RBWo.js                   23.29 kB
dist/js/AssignmentsManagement-RyxAHvg3.js                  23.38 kB
dist/js/GamificationPage-DsGKMHPx.js                       23.41 kB
dist/js/NotificationSettings-spOZ6leq.js                   23.47 kB
dist/js/CourseAnalytics-BB_0Asuu.js                        23.54 kB
dist/js/OfflineQueueManager-B-n_x93S.js                    23.74 kB
dist/js/index-BvFlHQvU.js                                  23.89 kB
dist/js/AIChatbotPage-raYxcXg8.js                          24.23 kB
dist/js/SellerBatchShipping-LsrRVqqD.js                    24.27 kB
dist/js/AdminReviews-Clt0dloy.js                           24.50 kB
dist/js/CommunityPostForm-rc7FaM9e.js                      24.60 kB
dist/js/AffiliateCoursesDashboard-Ez-EG9HG.js              24.71 kB
dist/js/AIProductRecommendations-2vuZf9Tt.js               24.78 kB
dist/js/SellerIntegrationsPage-DQXnVTPX.js                 24.86 kB
dist/js/StaffAvailabilityCalendar-DwoJARVH.js              25.00 kB
dist/js/usePlanLockNavAction-Gmikz5ic.js                   25.04 kB
dist/js/AdminUsers-0CrJZRxY.js                             25.10 kB
dist/js/SellerPhysicalPromotions-lupTPQga.js               25.30 kB
dist/js/SellerPhysicalBundles-BdtX0hUk.js                  25.52 kB
dist/js/BookingsManagement-xvUJYOmS.js                     25.54 kB
dist/js/MyOrders-lgVYq56Q.js                               25.54 kB
dist/js/Pixels-ByFvHIh0.js                                 25.79 kB
dist/js/CreateServiceWizard_v2-C5Gm3JWp.js                 25.90 kB
dist/js/CreatePhysicalProductWizard_v2-dCZYXl5W.js         25.94 kB
dist/js/SellerPhysicalBackorders-jZr7joFm.js               25.95 kB
dist/js/AdminPlatformBlog-CO-aiapB.js                      26.07 kB
dist/js/PhysicalProductsList-kUcSfWea.js                   26.23 kB
dist/js/SellerPhysicalProductsAnalytics--VVCCQHM.js        26.23 kB
dist/js/DigitalProductUpdatesDashboard-nzSOtXPG.js         26.23 kB
dist/js/AdminAffiliates-DnyZfHAD.js                        26.44 kB
dist/js/ProductFAQTab-DjiDacO9.js                          26.50 kB
dist/js/ArtistPortfolioPage-BvlCXzsu.js                    26.99 kB
dist/js/StoreAffiliateManagement-BN0Jea8d.js               27.17 kB
dist/js/SellerLoyaltyManagement-CYU7gJZ6.js                27.45 kB
dist/js/Withdrawals-C4gprMxz.js                            27.68 kB
dist/js/CreateDigitalProductWizard_v2-BFXVz6dL.js          28.72 kB
dist/js/ArtistProductDetail-Y8Yik_J3.js                    28.77 kB
dist/js/DigitalSubscriptionCard-DZy7Qyie.js                29.51 kB
dist/js/forms-D93rJSc_.js                                  30.12 kB
dist/js/CreateArtistProductWizard-D4OkSA6j.js              30.27 kB
dist/js/AdminDisputes-llRzVes4.js                          30.71 kB
dist/js/calendar-OeFLZc0Z.js                               32.54 kB
dist/js/PaymentsCustomers-vTltrOIm.js                      32.90 kB
dist/js/Auth-DV5osAmt.js                                   33.58 kB
dist/js/ShippingServices-OoqN91b0.js                       34.01 kB
dist/js/UnifiedProductCard-9BiPgh0p.js                     34.09 kB
dist/js/SellerPhysicalInventoryManagement-CWit72aj.js      34.80 kB
dist/js/VendorMessaging-Dwf7KXCF.js                        35.13 kB
dist/js/ServicesList-Cz-AlkyI.js                           35.16 kB
dist/js/Analytics-D4ad4SnK.js                              35.32 kB
dist/js/InventoryDashboard-q9IgE2Tt.js                     35.40 kB
dist/js/SellerProductKitsManagement-46WBbrRx.js            36.50 kB
dist/js/SellerWebhookManagement-BoXRgZXV.js                36.89 kB
dist/js/EmailSequencesPage-C9sylvC2.js                     36.95 kB
dist/js/StoreAffiliates-DD0onVNP.js                        37.93 kB
dist/js/CreateCourseWizard-Bzm58io1.js                     38.00 kB
dist/js/SupplierOrders-bbql7ot-.js                         38.44 kB
dist/js/Payments-BZq5RcXi.js                               38.52 kB
dist/js/checkout-buy-now-DOhzL-60.js                       38.59 kB
dist/js/CustomerMyWishlist-C2KHBLKb.js                     38.86 kB
dist/js/Referrals-Cf7rVIse.js                              39.02 kB
dist/js/EmailWorkflowsPage-BQ-vWn7h.js                     39.82 kB
dist/js/AdminNotifications-DRRR6H_f.js                     40.82 kB
dist/js/Checkout-DtJWqIQM.js                               41.02 kB
dist/js/SellerCostOptimization-qdMb-3hF.js                 41.28 kB
dist/js/ProductAnalyticsTab-C59_7E4f.js                    41.29 kB
dist/js/vendor-query-D-vAF8Rg.js                           41.68 kB
dist/js/StoreTeamManagement-BMN9fyDV.js                    42.14 kB
dist/js/AIManagementPage-8cGNXeoi.js                       43.12 kB
dist/js/ShippingDashboard-BvQ3pM2q.js                      43.83 kB
dist/js/CustomerDigitalPortal-ChQH9aPl.js                  44.80 kB
dist/js/Checkout-5HFUmGCu.js                               44.94 kB
dist/js/SellerPhysicalSerialTracking-BZj1St1t.js           44.98 kB
dist/js/Storefront-DkfTzWCE.js                             45.29 kB
dist/js/ProductInfoTab-BAqibmO5.js                         46.26 kB
dist/js/DigitalProductsList-DKR4fX1n.js                    47.86 kB
dist/js/rich-text-editor-pro-CdmsI6Gp.js                   48.83 kB
dist/js/EmailCampaignsPage-BielbGhO.js                     48.99 kB
dist/js/CustomerPortal-DqFnVxK9.js                         50.25 kB
dist/js/SellerWarehousesManagement-o3T87Odb.js             52.36 kB
dist/js/fr-ZsDi-kRj.js                                     53.06 kB
dist/js/browser-image-compression-_ZkOCjiO.js              53.15 kB
dist/js/date-utils-B287BHhT.js                             53.32 kB
dist/js/AdminDataStorage-3d1vGR-c.js                       55.29 kB
dist/js/Dashboard-CMVHuYjj.js                              55.40 kB
dist/js/CustomerPhysicalPortal-DH3fHXL-.js                 55.80 kB
dist/js/ProductDetail-D5YrXuk0.js                          56.25 kB
dist/js/DigitalProductDetail-DB6sgRQE.js                   57.38 kB
dist/js/ServiceDetail-DSJDSAB2.js                          58.93 kB
dist/js/AdminSuppliersManagement-BkUMDH2v.js               60.68 kB
dist/js/AppPageShell-00ghYcIa.js                           70.16 kB
dist/js/checkout-cart-Bpmh3EUb.js                          71.33 kB
dist/js/icons-D3zQkhHn.js                                  71.36 kB
dist/js/AdvancedOrderManagement-BXAfgWa9.js                71.56 kB
dist/js/SEOPagesList-D-XpuWK7.js                           73.08 kB
dist/js/Orders-CFFkgzCl.js                                 74.19 kB
dist/js/AffiliateDashboard-VRROQNSR.js                     76.58 kB
dist/js/Products-PCdck1pU.js                               83.10 kB
dist/js/PhysicalProductDetail-C1jcJYrL.js                  91.16 kB
dist/js/StoreTasksList-BxrFmMUU.js                         92.27 kB
dist/js/Settings-DSK2Oy6Z.js                               93.09 kB
dist/js/Marketplace-LDpLh1X6.js                           112.52 kB
dist/js/CourseDetail-Cnwy8Zh1.js                          115.87 kB
dist/js/animations-CAy0eaRy.js                            125.84 kB
dist/js/react-big-calendar.esm-BS5Y7e9p.js                146.57 kB
dist/js/index.es-CiwrRwOt.js                              149.62 kB
dist/js/vendor-react-CrFF1j-x.js                          164.31 kB
dist/js/PlatformCustomization-Cfo43FYQ.js                 181.09 kB
dist/js/vendor-radix-D2FDeT2q.js                          187.64 kB
dist/js/canvas-DXEQVQnt.js                                201.04 kB
dist/js/vendor-supabase-CIS1ha1V.js                       204.80 kB
dist/js/Store-DQoMD1zT.js                                 216.30 kB
dist/js/index-C042wLOk.js                                 297.21 kB
dist/js/config-CvwNoJTc.js                                324.13 kB
dist/js/qrcode-Cp2UR-qV.js                                358.98 kB
dist/js/pdf-BXYUusCy.js                                   418.62 kB
dist/js/data-processing-dPquAmqy.js                       449.47 kB
dist/js/charts-kMKukw2y.js                                503.22 kB
dist/js/three-CVBwNcbw.js                                 963.60 kB

(!) Some chunks are larger than 500 kB after minification. Consider:
- Using dynamic import() to code-split the application
- Use build.rollupOptions.output.manualChunks to improve chunking: 
https://rollupjs.org/configuration-options/#output-manualchunks
- Adjust chunk size limit for this warning via build.chunkSizeWarningLimit.
dist/fonts.css.gz                      0.69 kB
dist/fonts.css.br                      0.59 kB
dist/manifest.json.gz                  0.66 kB
dist/manifest.json.br                  0.56 kB
dist/offline.html.gz                   1.34 kB
dist/offline.html.br                   1.04 kB
dist/placeholder.svg.gz                0.92 kB
dist/placeholder.svg.br                0.84 kB
dist/sw.js.gz                          3.34 kB
dist/sw.js.br                          2.91 kB
dist/landing/currencies/cad.svg.gz     0.65 kB
dist/landing/currencies/cad.svg.br     0.58 kB
dist/landing/currencies/eur.svg.gz     0.94 kB
dist/landing/currencies/eur.svg.br     0.79 kB
dist/landing/currencies/gbp.svg.gz     0.53 kB
dist/landing/currencies/gbp.svg.br     0.48 kB
dist/landing/currencies/kes.svg.gz     0.82 kB
dist/landing/currencies/kes.svg.br     0.71 kB
dist/landing/currencies/ugx.svg.gz     2.07 kB
dist/landing/currencies/ugx.svg.br     1.80 kB
dist/landing/currencies/usd.svg.gz     1.77 kB
dist/landing/currencies/usd.svg.br     1.14 kB
dist/landing/flags/es.svg.gz           45.60 kB
dist/landing/flags/es.svg.br           36.60 kB
dist/landing/flags/pt.svg.gz           4.91 kB
dist/landing/flags/pt.svg.br           4.32 kB
Ô£ô built in 12m 27s

npm notice
npm notice New major version of npm available! 11.12.1 -> 12.0.1
npm notice Changelog: https://github.com/npm/cli/releases/tag/v12.0.1
npm notice To update run: npm install -g npm@12.0.1
npm notice
